Renesas Optimizing Linker (W3.07.00 )             25-Aug-2025 13:59:13

*** Options ***

-subcommand=LinkerFreeRTOS_SCI_UART.tmp
-MAKEUD="C:\Users\pchulaka\Desktop\e2_studio\FreeRTOS_SCI_UART\HardwareDebug/FreeRTOS_SCI_UART_l.ud" 
-noprelink 
-input=".\src/FreeRTOS/Source/portable/Renesas/RX600v2\port_asm.obj"
-input=".\src/FreeRTOS/Source\croutine.obj"
-input=".\src/FreeRTOS/Source\event_groups.obj"
-input=".\src/FreeRTOS/Source\list.obj"
-input=".\src/FreeRTOS/Source/portable/MemMang\heap_4.obj"
-input=".\src/FreeRTOS/Source/portable/Renesas/RX600v2\port.obj"
-input=".\src/FreeRTOS/Source\queue.obj"
-input=".\src/FreeRTOS/Source\stream_buffer.obj"
-input=".\src/FreeRTOS/Source\tasks.obj"
-input=".\src/FreeRTOS/Source\timers.obj"
-input=".\src\FreeRTOS_SCI_UART.obj"
-input=".\src/frtos_startup\freertos_object_init.obj"
-input=".\src/frtos_startup\freertos_start.obj"
-input=".\src/smc_gen/general\r_cg_hardware_setup.obj"
-input=".\src/smc_gen/general\r_smc_cgc.obj"
-input=".\src/smc_gen/general\r_smc_cgc_user.obj"
-input=".\src/smc_gen/general\r_smc_interrupt.obj"
-input=".\src/smc_gen/r_bsp/board/generic_rx65n\hwsetup.obj"
-input=".\src/smc_gen/r_bsp/mcu/all\dbsct.obj"
-input=".\src/smc_gen/r_bsp/mcu/all\lowlvl.obj"
-input=".\src/smc_gen/r_bsp/mcu/all\lowsrc.obj"
-input=".\src/smc_gen/r_bsp/mcu/all\mcu_locks.obj"
-input=".\src/smc_gen/r_bsp/mcu/all\r_bsp_common.obj"
-input=".\src/smc_gen/r_bsp/mcu/all\r_bsp_cpu.obj"
-input=".\src/smc_gen/r_bsp/mcu/all\r_bsp_interrupts.obj"
-input=".\src/smc_gen/r_bsp/mcu/all\r_bsp_locking.obj"
-input=".\src/smc_gen/r_bsp/mcu/all\r_bsp_mcu_startup.obj"
-input=".\src/smc_gen/r_bsp/mcu/all\r_bsp_software_interrupt.obj"
-input=".\src/smc_gen/r_bsp/mcu/all\r_rx_intrinsic_functions.obj"
-input=".\src/smc_gen/r_bsp/mcu/all\resetprg.obj"
-input=".\src/smc_gen/r_bsp/mcu/all\sbrk.obj"
-input=".\src/smc_gen/r_bsp/mcu/rx65n\mcu_clocks.obj"
-input=".\src/smc_gen/r_bsp/mcu/rx65n\mcu_init.obj"
-input=".\src/smc_gen/r_bsp/mcu/rx65n\mcu_interrupts.obj"
-input=".\src/smc_gen/r_bsp/mcu/rx65n\mcu_mapped_interrupts.obj"
-input=".\src/smc_gen/r_bsp/mcu/rx65n\vecttbl.obj"
-input=".\src/smc_gen/r_byteq/src\r_byteq.obj"
-input=".\src/smc_gen/r_pincfg\Pin.obj"
-input=".\src/smc_gen/r_pincfg\r_sci_rx_pinset.obj"
-input=".\src/smc_gen/r_sci_rx/src\r_sci_rx.obj"
-input=".\src/smc_gen/r_sci_rx/src\r_sci_rx_dmaca.obj"
-input=".\src/smc_gen/r_sci_rx/src\r_sci_rx_dtc.obj"
-input=".\src/smc_gen/r_sci_rx/src/targets/rx65n\r_sci_rx65n.obj"
-input=".\src/smc_gen/r_sci_rx/src/targets/rx65n\r_sci_rx65n_data.obj"
-library=".\FreeRTOS_SCI_UART.lib"
-output="FreeRTOS_SCI_UART.abs" 
-form=absolute 
-nomessage 
-vect=_undefined_interrupt_source_isr 
-list 
-show=symbol 
-nooptimize 
-start=SU,SI,B_1,R_1,B_2,R_2,B,R/04,PResetPRG,C_1,C_2,C,C$*,D*,W*,L,P/0FFE00000,EXCEPTVECT/0FFFFFF80,RESETVECT/0FFFFFFFC,BEXRAM_1,REXRAM_1,BEXRAM_2,REXRAM_2,BEXRAM,REXRAM/00800000 
-rom=D=R,D_1=R_1,D_2=R_2,DEXRAM=REXRAM,DEXRAM_1=REXRAM_1,DEXRAM_2=REXRAM_2 
-cpu=RAM=00000000-0003ffff,FIX=00080000-00083fff,FIX=00086000-00087fff,FIX=00088000-0009ffff,FIX=000a0000-000a3fff,RAM=000a4000-000a5fff,FIX=000a6000-000bffff,FIX=000c0000-000dffff,FIX=000e0000-000fffff,ROM=00100000-00107fff,FIX=007fc000-007fcfff,FIX=007fe000-007fffff,RAM=00800000-0085ffff,RAM=fe7f5d00-fe7f5d7f,RAM=fe7f7d70-fe7f7d9f,ROM=ffe00000-ffffffff 
-nologo

*** Error information ***

*** Mapping List ***

SECTION                            START      END         SIZE   ALIGN
SU
                                  00000004  00001003      1000   4
SI
                                  00001004  00001403       400   4
B_1
                                  00001404  000034cc      20c9   1
R_1
                                  000034cd  0000353e        72   1
B_2
                                  00003540  00003547         8   2
R_2
                                  00003548  00003548         0   1
B
                                  00003548  00003fbb       a74   4
R
                                  00003fbc  00004293       2d8   4
BEXRAM_1
                                  00800000  00800000         0   1
REXRAM_1
                                  00800000  00800000         0   1
BEXRAM_2
                                  00800000  00800000         0   1
REXRAM_2
                                  00800000  00800000         0   1
BEXRAM
                                  00800000  00800000         0   1
REXRAM
                                  00800000  00800000         0   1
$ADDR_C_FE7F5D00
                                  fe7f5d00  fe7f5d0b         c   1
$ADDR_C_FE7F5D10
                                  fe7f5d10  fe7f5d13         4   1
$ADDR_C_FE7F5D20
                                  fe7f5d20  fe7f5d23         4   1
$ADDR_C_FE7F5D40
                                  fe7f5d40  fe7f5d43         4   1
$ADDR_C_FE7F5D48
                                  fe7f5d48  fe7f5d4b         4   1
$ADDR_C_FE7F5D50
                                  fe7f5d50  fe7f5d5f        10   1
$ADDR_C_FE7F5D64
                                  fe7f5d64  fe7f5d67         4   1
$ADDR_C_FE7F5D70
                                  fe7f5d70  fe7f5d73         4   1
PResetPRG
                                  ffe00000  ffe00064        65   1
C_1
                                  ffe00065  ffe00136        d2   1
C_2
                                  ffe00138  ffe00375       23e   2
C
                                  ffe00378  ffe00493       11c   4
C$DSEC
                                  ffe00494  ffe004db        48   4
C$BSEC
                                  ffe004dc  ffe0050b        30   4
C$VECT
                                  ffe0050c  ffe0090b       400   4
D
                                  ffe0090c  ffe00be3       2d8   4
D_1
                                  ffe00be4  ffe00c55        72   1
DEXRAM
                                  ffe00c56  ffe00c56         0   1
DEXRAM_1
                                  ffe00c56  ffe00c56         0   1
DEXRAM_2
                                  ffe00c56  ffe00c56         0   1
D_2
                                  ffe00c56  ffe00c56         0   1
W
                                  ffe00c58  ffe00c58         0   4
W_1
                                  ffe00c58  ffe00c67        10   1
W_2
                                  ffe00c68  ffe00c68         0   2
L
                                  ffe00c68  ffe00d44        dd   4
P
                                  ffe00d45  ffe07c07      6ec3   1
EXCEPTVECT
                                  ffffff80  fffffffb        7c   4
RESETVECT
                                  fffffffc  ffffffff         4   4

*** Symbol List ***

SECTION=
FILE=                               START        END    SIZE
  SYMBOL                            ADDR        SIZE    INFO      COUNTS  OPT

SECTION=SU
FILE=.\src\smc_gen\r_bsp\mcu\all\resetprg.obj
                                  00000004  00001003      1000

SECTION=SI
FILE=.\src\smc_gen\r_bsp\mcu\all\resetprg.obj
                                  00001004  00001403       400

SECTION=B_1
FILE=.\src\FreeRTOS\Source\portable\MemMang\heap_4.obj
                                  00001404  00003403      2000
  _ucHeap
                                  00001404      2000   data ,l         * 
FILE=.\src\FreeRTOS_SCI_UART.obj
                                  00003404  00003404         1
  _my_char
                                  00003404         1   data ,g         * 
FILE=.\src\smc_gen\r_bsp\mcu\all\lowsrc.obj
                                  00003405  0000342c        28
  _flmod
                                  00003405        14   data ,g         * 
  _sml_buf
                                  00003419        14   data ,g         * 
FILE=.\src\smc_gen\r_sci_rx\src\r_sci_rx.obj
                                  0000342d  000034cc        a0
  _ch1_tx_buf
                                  0000342d        50   data ,l         * 
  _ch1_rx_buf
                                  0000347d        50   data ,l         * 

SECTION=R_1
FILE=.\src\FreeRTOS_SCI_UART.obj
                                  000034cd  000034ec        20
  _my_str
                                  000034cd        20   data ,g         * 
FILE=.\src\smc_gen\r_byteq\src\r_byteq.obj
                                  000034ed  000034ed         1
  _qcb_init$1
                                  000034ed         1   data ,l         * 
FILE=xfiles
                                  000034ee  0000353d        50
  _ebuf
                                  000034ee        50   data ,l         * 
FILE=xstate
                                  0000353e  0000353e         1
  __Mbcurmax
                                  0000353e         1   data ,g         * 

SECTION=B_2
FILE=.\src\smc_gen\r_bsp\mcu\all\r_bsp_cpu.obj
                                  00003540  00003547         8
  _s_protect_counters
                                  00003540         8   data ,l         * 

SECTION=B
FILE=.\src\FreeRTOS\Source\portable\MemMang\heap_4.obj
                                  00003548  0000354f         8
  _xStart
                                  00003548         8   data ,l         * 
FILE=.\src\FreeRTOS\Source\tasks.obj
                                  00003550  00003647        f8
  _pxReadyTasksLists
                                  00003550        8c   data ,l         * 
  _xDelayedTaskList1
                                  000035dc        14   data ,l         * 
  _xDelayedTaskList2
                                  000035f0        14   data ,l         * 
  _pxDelayedTaskList
                                  00003604         4   data ,l         * 
  _pxOverflowDelayedTaskList
                                  00003608         4   data ,l         * 
  _xPendingReadyList
                                  0000360c        14   data ,l         * 
  _xTasksWaitingTermination
                                  00003620        14   data ,l         * 
  _xSuspendedTaskList
                                  00003634        14   data ,l         * 
FILE=.\src\FreeRTOS\Source\timers.obj
                                  00003648  00003677        30
  _xActiveTimerList1
                                  00003648        14   data ,l         * 
  _xActiveTimerList2
                                  0000365c        14   data ,l         * 
  _pxCurrentTimerList
                                  00003670         4   data ,l         * 
  _pxOverflowTimerList
                                  00003674         4   data ,l         * 
FILE=.\src\FreeRTOS_SCI_UART.obj
                                  00003678  0000368f        18
  _my_sci_config
                                  00003678         c   data ,g         * 
  _my_sci_err
                                  00003684         4   data ,g         * 
  _command_queue
                                  00003688         4   data ,g         * 
  _g_my_sci_handle
                                  0000368c         4   data ,l         * 
FILE=.\src\smc_gen\r_bsp\mcu\all\lowsrc.obj
                                  00003690  000036df        50
  __Files
                                  00003690        50   data ,g         * 
FILE=.\src\smc_gen\r_bsp\mcu\all\mcu_locks.obj
                                  000036e0  000038af       1d0
  _g_bsp_Locks
                                  000036e0       1d0   data ,g         * 
FILE=.\src\smc_gen\r_bsp\mcu\all\r_bsp_interrupts.obj
                                  000038b0  00003a33       184
  _g_bsp_vectors
                                  000038b0       184   data ,l         * 
FILE=.\src\smc_gen\r_bsp\mcu\all\sbrk.obj
                                  00003a34  00003e37       404
  __s1ptr
                                  00003a34         4   data ,g         * 
  _s_heap_area
                                  00003a38       400   data ,l         * 
FILE=.\src\smc_gen\r_byteq\src\r_byteq.obj
                                  00003e38  00003fb7       180
  _g_qcb
                                  00003e38       180   data ,l         * 
FILE=_errno
                                  00003fb8  00003fbb         4
  __errno
                                  00003fb8         4   data ,g         * 

SECTION=R
FILE=.\src\FreeRTOS\Source\portable\MemMang\heap_4.obj
                                  00003fbc  00003fd3        18
  _pxEnd
                                  00003fbc         4   data ,l         * 
  _xFreeBytesRemaining
                                  00003fc0         4   data ,l         * 
  _xMinimumEverFreeBytesRemaining
                                  00003fc4         4   data ,l         * 
  _xNumberOfSuccessfulAllocations
                                  00003fc8         4   data ,l         * 
  _xNumberOfSuccessfulFrees
                                  00003fcc         4   data ,l         * 
  _xBlockAllocatedBit
                                  00003fd0         4   data ,l         * 
FILE=.\src\FreeRTOS\Source\portable\Renesas\RX600v2\port.obj
                                  00003fd4  00003fd7         4
  _p_vSoftwareInterruptEntry
                                  00003fd4         4   data ,g         * 
FILE=.\src\FreeRTOS\Source\tasks.obj
                                  00003fd8  0000400b        34
  _pxCurrentTCB
                                  00003fd8         4   data ,g         * 
  _uxDeletedTasksWaitingCleanUp
                                  00003fdc         4   data ,l         * 
  _uxCurrentNumberOfTasks
                                  00003fe0         4   data ,l         * 
  _xTickCount
                                  00003fe4         4   data ,l         * 
  _uxTopReadyPriority
                                  00003fe8         4   data ,l         * 
  _xSchedulerRunning
                                  00003fec         4   data ,l         * 
  _xPendedTicks
                                  00003ff0         4   data ,l         * 
  _xYieldPending
                                  00003ff4         4   data ,l         * 
  _xNumOfOverflows
                                  00003ff8         4   data ,l         * 
  _uxTaskNumber
                                  00003ffc         4   data ,l         * 
  _xNextTaskUnblockTime
                                  00004000         4   data ,l         * 
  _xIdleTaskHandle
                                  00004004         4   data ,l         * 
  _uxSchedulerSuspended
                                  00004008         4   data ,l         * 
FILE=.\src\FreeRTOS\Source\timers.obj
                                  0000400c  00004017         c
  _xTimerQueue
                                  0000400c         4   data ,l         * 
  _xTimerTaskHandle
                                  00004010         4   data ,l         * 
  _xLastTime$1
                                  00004014         4   data ,l         * 
FILE=.\src\smc_gen\r_bsp\mcu\all\lowsrc.obj
                                  00004018  0000402b        14
  _env_list
                                  00004018        10   data ,g         * 
  _environ
                                  00004028         4   data ,g         * 
FILE=.\src\smc_gen\r_bsp\mcu\all\sbrk.obj
                                  0000402c  0000402f         4
  _sp_brk
                                  0000402c         4   data ,l         * 
FILE=.\src\smc_gen\r_sci_rx\src\targets\rx65n\r_sci_rx65n_data.obj
                                  00004030  0000404f        20
  _ch1_ctrl
                                  00004030        20   data ,g         * 
FILE=xfiles
                                  00004050  00004127        d8
  __Stdin
                                  00004050        48   data ,g         * 
  __Stdout
                                  00004098        48   data ,g         * 
  __Stderr
                                  000040e0        48   data ,g         * 
FILE=xprintf
                                  00004128  0000412b         4
  _stderr
                                  00004128         4   data ,g         * 
FILE=xctype
                                  0000412c  00004133         8
  __Ctype
                                  0000412c         4   data ,g         * 
  __Tls_setup__Ctype
                                  00004130         4   data ,g         * 
FILE=malloc
                                  00004134  0000413b         8
  __Aldata
                                  00004134         8   data ,g         * 
FILE=xstate
                                  0000413c  00004183        48
  __Tls_setup__Mbcurmax
                                  0000413c         4   data ,g         * 
  __Mbstate
                                  00004140        40   data ,g         * 
  __Tls_setup__Mbstate
                                  00004180         4   data ,g         * 
FILE=localeco
                                  00004184  000041d7        54
  __Locale
                                  00004184        50   data ,g         * 
  __Tls_setup__Locale
                                  000041d4         4   data ,g         * 
FILE=xwcstate
                                  000041d8  0000421b        44
  __Wcstate
                                  000041d8        40   data ,g         * 
  __Tls_setup__Wcstate
                                  00004218         4   data ,g         * 
FILE=xfvalues
                                  0000421c  00004293        78
  __FDenorm
                                  0000421c        10   data ,g         * 
  __FEps
                                  0000422c        10   data ,g         * 
  __FHugeval
                                  0000423c        10   data ,g         * 
  __FInf
                                  0000424c        10   data ,g         * 
  __FNan
                                  0000425c        10   data ,g         * 
  __FSnan
                                  0000426c        10   data ,g         * 
  __FRteps
                                  0000427c        10   data ,g         * 
  __FXbig
                                  0000428c         4   data ,g         * 
  __FZero
                                  00004290         4   data ,g         * 

SECTION=$ADDR_C_FE7F5D00
FILE=.\src\smc_gen\r_bsp\mcu\rx65n\vecttbl.obj
                                  fe7f5d00  fe7f5d0b         c
  ___MDEreg
                                  fe7f5d00         4   data ,g         * 
  ___OFS0reg
                                  fe7f5d04         4   data ,g         * 
  ___OFS1reg
                                  fe7f5d08         4   data ,g         * 

SECTION=$ADDR_C_FE7F5D10
FILE=.\src\smc_gen\r_bsp\mcu\rx65n\vecttbl.obj
                                  fe7f5d10  fe7f5d13         4
  ___TMINFreg
                                  fe7f5d10         4   data ,g         * 

SECTION=$ADDR_C_FE7F5D20
FILE=.\src\smc_gen\r_bsp\mcu\rx65n\vecttbl.obj
                                  fe7f5d20  fe7f5d23         4
  ___BANKSELreg
                                  fe7f5d20         4   data ,g         * 

SECTION=$ADDR_C_FE7F5D40
FILE=.\src\smc_gen\r_bsp\mcu\rx65n\vecttbl.obj
                                  fe7f5d40  fe7f5d43         4
  ___SPCCreg
                                  fe7f5d40         4   data ,g         * 

SECTION=$ADDR_C_FE7F5D48
FILE=.\src\smc_gen\r_bsp\mcu\rx65n\vecttbl.obj
                                  fe7f5d48  fe7f5d4b         4
  ___TMEFreg
                                  fe7f5d48         4   data ,g         * 

SECTION=$ADDR_C_FE7F5D50
FILE=.\src\smc_gen\r_bsp\mcu\rx65n\vecttbl.obj
                                  fe7f5d50  fe7f5d5f        10
  ___OSIS1reg
                                  fe7f5d50         4   data ,g         * 
  ___OSIS2reg
                                  fe7f5d54         4   data ,g         * 
  ___OSIS3reg
                                  fe7f5d58         4   data ,g         * 
  ___OSIS4reg
                                  fe7f5d5c         4   data ,g         * 

SECTION=$ADDR_C_FE7F5D64
FILE=.\src\smc_gen\r_bsp\mcu\rx65n\vecttbl.obj
                                  fe7f5d64  fe7f5d67         4
  ___FAWreg
                                  fe7f5d64         4   data ,g         * 

SECTION=$ADDR_C_FE7F5D70
FILE=.\src\smc_gen\r_bsp\mcu\rx65n\vecttbl.obj
                                  fe7f5d70  fe7f5d73         4
  ___ROMCODEreg
                                  fe7f5d70         4   data ,g         * 

SECTION=PResetPRG
FILE=.\src\smc_gen\r_bsp\mcu\all\resetprg.obj
                                  ffe00000  ffe00064        65
  _PowerON_Reset_PC
                                  ffe00000        65   entry,g         * 

SECTION=C_1
FILE=xprintf
                                  ffe00065  ffe0006e         a
  _fchar$1
                                  ffe00065         a   data ,l         * 
FILE=xputtxt
                                  ffe0006f  ffe00113        a5
  _spaces
                                  ffe0006f        21   data ,l         * 
  _zeroes
                                  ffe00090        21   data ,l         * 
  _asterisk
                                  ffe000b1        21   data ,l         * 
  _plus
                                  ffe000d2        21   data ,l         * 
  _minus
                                  ffe000f3        21   data ,l         * 
FILE=xlitob
                                  ffe00114  ffe00135        22
  _ldigs
                                  ffe00114        11   data ,l         * 
  _udigs
                                  ffe00125        11   data ,l         * 
FILE=localeco
                                  ffe00136  ffe00136         1
  _null
                                  ffe00136         1   data ,l         * 

SECTION=C_2
FILE=.\src\smc_gen\r_bsp\mcu\all\r_bsp_cpu.obj
                                  ffe00138  ffe0013d         6
  _s_prcr_masks
                                  ffe00138         6   data ,l         * 
FILE=.\src\smc_gen\r_sci_rx\src\targets\rx65n\r_sci_rx65n_data.obj
                                  ffe0013e  ffe00173        36
  _async_baud
                                  ffe0013e        36   data ,g         * 
FILE=xctype
                                  ffe00174  ffe00375       202
  _ctyp_tab
                                  ffe00174       202   data ,l         * 

SECTION=C
FILE=.\src\FreeRTOS\Source\tasks.obj
                                  ffe00378  ffe0037b         4
  _uxTopUsedPriority
                                  ffe00378         4   data ,g         * 
FILE=.\src\smc_gen\r_bsp\mcu\all\dbsct.obj
                                  ffe0037c  ffe00393        18
  __CTBL
                                  ffe0037c        18   data ,g         * 
FILE=.\src\smc_gen\r_sci_rx\src\targets\rx65n\r_sci_rx65n_data.obj
                                  ffe00394  ffe00403        70
  _ch1_rom
                                  ffe00394        3c   data ,g         * 
  _g_handles
                                  ffe003d0        34   data ,g         * 
FILE=_nfiles
                                  ffe00404  ffe00407         4
  __nfiles
                                  ffe00404         4   data ,g         * 
FILE=xfoprep
                                  ffe00408  ffe0044f        48
  _init$1
                                  ffe00408        48   data ,l         * 
FILE=xprintf
                                  ffe00450  ffe00467        18
  _fbit$2
                                  ffe00450        18   data ,l         * 
FILE=xfopen
                                  ffe00468  ffe00477        10
  _rwacc$1
                                  ffe00468        10   data ,l         * 
FILE=xldtob
                                  ffe00478  ffe0048f        18
  _pows
                                  ffe00478        18   data ,l         * 
FILE=_sbrk_si
                                  ffe00490  ffe00493         4
  __sbrk_size
                                  ffe00490         4   data ,g         * 

SECTION=C$DSEC
FILE=.\src\smc_gen\r_bsp\mcu\all\dbsct.obj
                                  ffe00494  ffe004db        48
  __DTBL
                                  ffe00494        48   data ,g         * 

SECTION=C$BSEC
FILE=.\src\smc_gen\r_bsp\mcu\all\dbsct.obj
                                  ffe004dc  ffe0050b        30
  __BTBL
                                  ffe004dc        30   data ,g         * 

SECTION=C$VECT
FILE=.\src\smc_gen\r_bsp\mcu\all\resetprg.obj
                                  ffe0050c  ffe0090b       400

SECTION=D
FILE=.\src\FreeRTOS\Source\portable\MemMang\heap_4.obj
                                  ffe0090c  ffe00923        18
FILE=.\src\FreeRTOS\Source\portable\Renesas\RX600v2\port.obj
                                  ffe00924  ffe00927         4
FILE=.\src\FreeRTOS\Source\tasks.obj
                                  ffe00928  ffe0095b        34
FILE=.\src\FreeRTOS\Source\timers.obj
                                  ffe0095c  ffe00967         c
FILE=.\src\smc_gen\r_bsp\mcu\all\lowsrc.obj
                                  ffe00968  ffe0097b        14
FILE=.\src\smc_gen\r_bsp\mcu\all\sbrk.obj
                                  ffe0097c  ffe0097f         4
FILE=.\src\smc_gen\r_sci_rx\src\targets\rx65n\r_sci_rx65n_data.obj
                                  ffe00980  ffe0099f        20
FILE=xfiles
                                  ffe009a0  ffe00a77        d8
FILE=xprintf
                                  ffe00a78  ffe00a7b         4
FILE=xctype
                                  ffe00a7c  ffe00a83         8
FILE=malloc
                                  ffe00a84  ffe00a8b         8
FILE=xstate
                                  ffe00a8c  ffe00ad3        48
FILE=localeco
                                  ffe00ad4  ffe00b27        54
FILE=xwcstate
                                  ffe00b28  ffe00b6b        44
FILE=xfvalues
                                  ffe00b6c  ffe00be3        78

SECTION=D_1
FILE=.\src\FreeRTOS_SCI_UART.obj
                                  ffe00be4  ffe00c03        20
FILE=.\src\smc_gen\r_byteq\src\r_byteq.obj
                                  ffe00c04  ffe00c04         1
FILE=xfiles
                                  ffe00c05  ffe00c54        50
FILE=xstate
                                  ffe00c55  ffe00c55         1

SECTION=W_1
FILE=.\src\smc_gen\r_bsp\mcu\all\r_bsp_cpu.obj
                                  ffe00c58  ffe00c67        10

SECTION=L
FILE=.\src\FreeRTOS\Source\tasks.obj
                                  ffe00c68  ffe00c6c         5
FILE=.\src\FreeRTOS\Source\timers.obj
                                  ffe00c70  ffe00c77         8
FILE=.\src\FreeRTOS_SCI_UART.obj
                                  ffe00c78  ffe00cb0        39
FILE=.\src\frtos_startup\freertos_start.obj
                                  ffe00cb4  ffe00cbd         a
FILE=.\src\smc_gen\r_bsp\mcu\all\dbsct.obj
                                  ffe00cc0  ffe00cc3         4
  _deadSpace
                                  ffe00cc0         4   data ,g         * 
FILE=.\src\smc_gen\r_bsp\mcu\all\lowsrc.obj
                                  ffe00cc4  ffe00d05        42
FILE=xprintf
                                  ffe00d08  ffe00d0e         7
FILE=xldtob
                                  ffe00d10  ffe00d31        22
FILE=xgenld
                                  ffe00d34  ffe00d35         2
FILE=localeco
                                  ffe00d38  ffe00d44         d

SECTION=P
FILE=.\src\FreeRTOS\Source\portable\Renesas\RX600v2\port_asm.obj
                                  ffe00d45  ffe00d48         4
  _vSoftwareInterruptEntry
                                  ffe00d45         0   none ,g         * 
FILE=.\src\FreeRTOS\Source\event_groups.obj
                                  ffe00d49  ffe0101b       2d3
  _set_interrupt_mask_from_isr
                                  ffe00d49         c   func ,l         * 
  _xEventGroupCreate
                                  ffe00d55        1e   func ,g         * 
  _xEventGroupSync
                                  ffe00d73        af   func ,g         * 
  _xEventGroupWaitBits
                                  ffe00e22        c6   func ,g         * 
  _xEventGroupClearBits
                                  ffe00ee8        2d   func ,g         * 
  _xEventGroupClearBitsFromISR
                                  ffe00f15        12   func ,g         * 
  _xEventGroupGetBitsFromISR
                                  ffe00f27        20   func ,g         * 
  _xEventGroupSetBits
                                  ffe00f47        68   func ,g         * 
  _vEventGroupDelete
                                  ffe00faf        36   func ,g         * 
  _vEventGroupSetBitsCallback
                                  ffe00fe5         3   func ,g         * 
  _vEventGroupClearBitsCallback
                                  ffe00fe8         3   func ,g         * 
  _prvTestWaitCondition
                                  ffe00feb        12   func ,l         * 
  _xEventGroupSetBitsFromISR
                                  ffe00ffd        14   func ,g         * 
  _uxEventGroupGetNumber
                                  ffe01011         8   func ,g         * 
  _vEventGroupSetNumber
                                  ffe01019         3   func ,g         * 
FILE=.\src\FreeRTOS\Source\list.obj
                                  ffe0101c  ffe01093        78
  _vListInitialise
                                  ffe0101c        11   func ,g         * 
  _vListInitialiseItem
                                  ffe0102d         4   func ,g         * 
  _vListInsertEnd
                                  ffe01031        17   func ,g         * 
  _vListInsert
                                  ffe01048        29   func ,g         * 
  _uxListRemove
                                  ffe01071        23   func ,g         * 
FILE=.\src\FreeRTOS\Source\portable\MemMang\heap_4.obj
                                  ffe01094  ffe01328       295
  _pvPortMalloc
                                  ffe01094        f7   func ,g         * 
  _vPortFree
                                  ffe0118b        67   func ,g         * 
  _xPortGetFreeHeapSize
                                  ffe011f2         9   func ,g         * 
  _xPortGetMinimumEverFreeHeapSize
                                  ffe011fb         9   func ,g         * 
  _vPortInitialiseBlocks
                                  ffe01204         1   func ,g         * 
  _prvHeapInit
                                  ffe01205        62   func ,l         * 
  _prvInsertBlockIntoFreeList
                                  ffe01267        4b   func ,l         * 
  _vPortGetHeapStats
                                  ffe012b2        77   func ,g         * 
FILE=.\src\FreeRTOS\Source\portable\Renesas\RX600v2\port.obj
                                  ffe01329  ffe014a1       179
  _pxPortInitialiseStack
                                  ffe01329        53   func ,g         * 
  _xPortStartScheduler
                                  ffe0137c        64   func ,g         * 
  _vTickISR
                                  ffe013e0        28   func ,g         * 
  _vSoftwareInterruptISR
                                  ffe01408        87   func ,g         * 
  _vPortEndScheduler
                                  ffe0148f        13   func ,g         * 
FILE=.\src\FreeRTOS\Source\queue.obj
                                  ffe014a2  ffe01fd7       b36
  _set_interrupt_mask_from_isr
                                  ffe014a2         c   func ,l         * 
  _xQueueGenericReset
                                  ffe014ae        6a   func ,g         * 
  _xQueueGenericCreate
                                  ffe01518        4e   func ,g         * 
  _prvInitialiseNewQueue
                                  ffe01566        21   func ,l         * 
  _prvInitialiseMutex
                                  ffe01587        14   func ,l         * 
  _xQueueCreateMutex
                                  ffe0159b        15   func ,g         * 
  _xQueueGiveMutexRecursive
                                  ffe015b0        31   func ,g         * 
  _xQueueTakeMutexRecursive
                                  ffe015e1        3d   func ,g         * 
  _xQueueCreateCountingSemaphore
                                  ffe0161e        27   func ,g         * 
  _xQueueGenericSend
                                  ffe01645       133   func ,g         * 
  _xQueueGenericSendFromISR
                                  ffe01778        b8   func ,g         * 
  _xQueueGiveFromISR
                                  ffe01830        9c   func ,g         * 
  _xQueueReceive
                                  ffe018cc       10b   func ,g         * 
  _xQueueSemaphoreTake
                                  ffe019d7       13e   func ,g         * 
  _xQueuePeek
                                  ffe01b15       109   func ,g         * 
  _xQueueReceiveFromISR
                                  ffe01c1e        8d   func ,g         * 
  _xQueuePeekFromISR
                                  ffe01cab        60   func ,g         * 
  _uxQueueMessagesWaiting
                                  ffe01d0b        19   func ,g         * 
  _uxQueueSpacesAvailable
                                  ffe01d24        1d   func ,g         * 
  _uxQueueMessagesWaitingFromISR
                                  ffe01d41         f   func ,g         * 
  _vQueueDelete
                                  ffe01d50        12   func ,g         * 
  _uxQueueGetQueueNumber
                                  ffe01d62         3   func ,g         * 
  _vQueueSetQueueNumber
                                  ffe01d65         3   func ,g         * 
  _ucQueueGetQueueType
                                  ffe01d68         4   func ,g         * 
  _prvGetDisinheritPriorityAfterTimeout
                                  ffe01d6c        10   func ,l         * 
  _prvCopyDataToQueue
                                  ffe01d7c        68   func ,l         * 
  _prvCopyDataFromQueue
                                  ffe01de4        20   func ,l         * 
  _prvUnlockQueue
                                  ffe01e04        70   func ,l         * 
  _prvIsQueueEmpty
                                  ffe01e74        16   func ,l         * 
  _xQueueIsQueueEmptyFromISR
                                  ffe01e8a        14   func ,g         * 
  _prvIsQueueFull
                                  ffe01e9e        18   func ,l         * 
  _xQueueIsQueueFullFromISR
                                  ffe01eb6        16   func ,g         * 
  _vQueueWaitForMessageRestricted
                                  ffe01ecc        3e   func ,g         * 
  _xQueueCreateSet
                                  ffe01f0a         7   func ,g         * 
  _xQueueAddToSet
                                  ffe01f11        26   func ,g         * 
  _xQueueRemoveFromSet
                                  ffe01f37        22   func ,g         * 
  _xQueueSelectFromSet
                                  ffe01f59        10   func ,g         * 
  _xQueueSelectFromSetFromISR
                                  ffe01f69        10   func ,g         * 
  _prvNotifyQueueSetContainer
                                  ffe01f79        5f   func ,l         * 
FILE=.\src\FreeRTOS\Source\stream_buffer.obj
                                  ffe01fd8  ffe02622       64b
  _set_interrupt_mask_from_isr
                                  ffe01fd8         c   func ,l         * 
  _xStreamBufferGenericCreate
                                  ffe01fe4        50   func ,g         * 
  _vStreamBufferDelete
                                  ffe02034        20   func ,g         * 
  _xStreamBufferReset
                                  ffe02054        3e   func ,g         * 
  _xStreamBufferSetTriggerLevel
                                  ffe02092        22   func ,g         * 
  _xStreamBufferSpacesAvailable
                                  ffe020b4        22   func ,g         * 
  _xStreamBufferBytesAvailable
                                  ffe020d6        11   func ,g         * 
  _xStreamBufferSend
                                  ffe020e7        fb   func ,g         * 
  _xStreamBufferSendFromISR
                                  ffe021e2        83   func ,g         * 
  _prvWriteMessageToBuffer
                                  ffe02265        3b   func ,l         * 
  _xStreamBufferReceive
                                  ffe022a0        bd   func ,g         * 
  _xStreamBufferNextMessageLengthBytes
                                  ffe0235d        38   func ,g         * 
  _xStreamBufferReceiveFromISR
                                  ffe02395        80   func ,g         * 
  _prvReadMessageFromBuffer
                                  ffe02415        3b   func ,l         * 
  _xStreamBufferIsEmpty
                                  ffe02450        16   func ,g         * 
  _xStreamBufferIsFull
                                  ffe02466        1f   func ,g         * 
  _xStreamBufferSendCompletedFromISR
                                  ffe02485        46   func ,g         * 
  _xStreamBufferReceiveCompletedFromISR
                                  ffe024cb        46   func ,g         * 
  _prvWriteBytesToBuffer
                                  ffe02511        62   func ,l         * 
  _prvReadBytesFromBuffer
                                  ffe02573        6c   func ,l         * 
  _prvBytesInBuffer
                                  ffe025df        16   func ,l         * 
  _prvInitialiseNewStreamBuffer
                                  ffe025f5        23   func ,l         * 
  _uxStreamBufferGetStreamBufferNumber
                                  ffe02618         3   func ,g         * 
  _vStreamBufferSetStreamBufferNumber
                                  ffe0261b         3   func ,g         * 
  _ucStreamBufferGetStreamBufferType
                                  ffe0261e         5   func ,g         * 
FILE=.\src\FreeRTOS\Source\tasks.obj
                                  ffe02623  ffe03b12      14f0
  _set_interrupt_mask_from_isr
                                  ffe02623         c   func ,l         * 
  _xTaskCreate
                                  ffe0262f        60   func ,g         * 
  _prvInitialiseNewTask
                                  ffe0268f        8e   func ,l         * 
  _prvAddNewTaskToReadyList
                                  ffe0271d        96   func ,l         * 
  _vTaskDelete
                                  ffe027b3        9a   func ,g         * 
  _xTaskDelayUntil
                                  ffe0284d        6d   func ,g         * 
  _vTaskDelay
                                  ffe028ba        39   func ,g         * 
  _eTaskGetState
                                  ffe028f3        71   func ,g         * 
  _uxTaskPriorityGet
                                  ffe02964        1c   func ,g         * 
  _uxTaskPriorityGetFromISR
                                  ffe02980        3b   func ,g         * 
  _vTaskPrioritySet
                                  ffe029bb        a4   func ,g         * 
  _vTaskSuspend
                                  ffe02a5f        97   func ,g         * 
  _prvTaskIsTaskSuspended
                                  ffe02af6        2d   func ,l         * 
  _vTaskResume
                                  ffe02b23        6c   func ,g         * 
  _xTaskResumeFromISR
                                  ffe02b8f        a4   func ,g         * 
  _vTaskStartScheduler
                                  ffe02c33        6e   func ,g         * 
  _vTaskEndScheduler
                                  ffe02ca1        1c   func ,g         * 
  _vTaskSuspendAll
                                  ffe02cbd         d   func ,g         * 
  _xTaskResumeAll
                                  ffe02cca        ce   func ,g         * 
  _xTaskGetTickCount
                                  ffe02d98         9   func ,g         * 
  _xTaskGetTickCountFromISR
                                  ffe02da1        19   func ,g         * 
  _uxTaskGetNumberOfTasks
                                  ffe02dba         9   func ,g         * 
  _pcTaskGetName
                                  ffe02dc3        1c   func ,g         * 
  _uxTaskGetSystemState
                                  ffe02ddf        a8   func ,g         * 
  _xTaskCatchUpTicks
                                  ffe02e87        26   func ,g         * 
  _xTaskIncrementTick
                                  ffe02ead       10c   func ,g         * 
  _vTaskSwitchContext
                                  ffe02fb9        ae   func ,g         * 
  _vTaskPlaceOnEventList
                                  ffe03067        26   func ,g         * 
  _vTaskPlaceOnUnorderedEventList
                                  ffe0308d        3d   func ,g         * 
  _vTaskPlaceOnEventListRestricted
                                  ffe030ca        2d   func ,g         * 
  _xTaskRemoveFromEventList
                                  ffe030f7        73   func ,g         * 
  _vTaskRemoveFromUnorderedEventList
                                  ffe0316a        70   func ,g         * 
  _vTaskSetTimeOutState
                                  ffe031da        23   func ,g         * 
  _vTaskInternalSetTimeOutState
                                  ffe031fd        12   func ,g         * 
  _xTaskCheckForTimeOut
                                  ffe0320f        59   func ,g         * 
  _vTaskMissedYield
                                  ffe03268         a   func ,g         * 
  _uxTaskGetTaskNumber
                                  ffe03272         8   func ,g         * 
  _vTaskSetTaskNumber
                                  ffe0327a         8   func ,g         * 
  _prvIdleTask
                                  ffe03282        25   func ,l         * 
  _prvInitialiseTaskLists
                                  ffe032a7        60   func ,l         * 
  _prvCheckTasksWaitingTermination
                                  ffe03307        42   func ,l         * 
  _vTaskGetInfo
                                  ffe03349        69   func ,g         * 
  _prvListTasksWithinSingleList
                                  ffe033b2        55   func ,l         * 
  _prvTaskCheckFreeStackSpace
                                  ffe03407        12   func ,l         * 
  _uxTaskGetStackHighWaterMark
                                  ffe03419        11   func ,g         * 
  _prvDeleteTCB
                                  ffe0342a        12   func ,l         * 
  _prvResetNextTaskUnblockTime
                                  ffe0343c        1e   func ,l         * 
  _xTaskGetCurrentTaskHandle
                                  ffe0345a         9   func ,g         * 
  _xTaskGetSchedulerState
                                  ffe03463        1e   func ,g         * 
  _xTaskPriorityInherit
                                  ffe03481        7f   func ,g         * 
  _xTaskPriorityDisinherit
                                  ffe03500        69   func ,g         * 
  _vTaskPriorityDisinheritAfterTimeout
                                  ffe03569        7f   func ,g         * 
  _vTaskEnterCritical
                                  ffe035e8        2d   func ,g         * 
  _vTaskExitCritical
                                  ffe03615        2d   func ,g         * 
  _uxTaskResetEventItemValue
                                  ffe03642        17   func ,g         * 
  _pvTaskIncrementMutexHeldCount
                                  ffe03659        16   func ,g         * 
  _ulTaskGenericNotifyTake
                                  ffe0366f        7c   func ,g         * 
  _xTaskGenericNotifyWait
                                  ffe036eb        92   func ,g         * 
  _xTaskGenericNotify
                                  ffe0377d        e4   func ,g         * 
  _xTaskGenericNotifyFromISR
                                  ffe03861       11d   func ,g         * 
  _vTaskGenericNotifyGiveFromISR
                                  ffe0397e        c1   func ,g         * 
  _xTaskGenericNotifyStateClear
                                  ffe03a3f        37   func ,g         * 
  _ulTaskGenericNotifyValueClear
                                  ffe03a76        2d   func ,g         * 
  _prvAddCurrentTaskToDelayedList
                                  ffe03aa3        70   func ,l         * 
FILE=.\src\FreeRTOS\Source\timers.obj
                                  ffe03b13  ffe04042       530
  _xTimerCreateTimerTask
                                  ffe03b13        47   func ,g         * 
  _xTimerCreate
                                  ffe03b5a        36   func ,g         * 
  _prvInitialiseNewTimer
                                  ffe03b90        37   func ,l         * 
  _xTimerGenericCommand
                                  ffe03bc7        59   func ,g         * 
  _xTimerGetTimerDaemonTaskHandle
                                  ffe03c20        16   func ,g         * 
  _xTimerGetPeriod
                                  ffe03c36         f   func ,g         * 
  _vTimerSetReloadMode
                                  ffe03c45        26   func ,g         * 
  _uxTimerGetReloadMode
                                  ffe03c6b        1e   func ,g         * 
  _xTimerGetExpiryTime
                                  ffe03c89         f   func ,g         * 
  _pcTimerGetName
                                  ffe03c98         f   func ,g         * 
  _prvProcessExpiredTimer
                                  ffe03ca7        59   func ,l         * 
  _prvTimerTask
                                  ffe03d00        11   func ,l         * 
  _prvProcessTimerOrBlockTask
                                  ffe03d11        70   func ,l         * 
  _prvGetNextExpireTime
                                  ffe03d81        18   func ,l         * 
  _prvSampleTimeNow
                                  ffe03d99        25   func ,l         * 
  _prvInsertTimerInActiveList
                                  ffe03dbe        35   func ,l         * 
  _prvProcessReceivedCommands
                                  ffe03df3        e7   func ,l         * 
  _prvSwitchTimerLists
                                  ffe03eda        70   func ,l         * 
  _prvCheckForValidListAndQueue
                                  ffe03f4a        4d   func ,l         * 
  _xTimerIsTimerActive
                                  ffe03f97        1c   func ,g         * 
  _pvTimerGetTimerID
                                  ffe03fb3        19   func ,g         * 
  _vTimerSetTimerID
                                  ffe03fcc        18   func ,g         * 
  _xTimerPendFunctionCallFromISR
                                  ffe03fe4        22   func ,g         * 
  _xTimerPendFunctionCall
                                  ffe04006        37   func ,g         * 
  _uxTimerGetTimerNumber
                                  ffe0403d         3   func ,g         * 
  _vTimerSetTimerNumber
                                  ffe04040         3   func ,g         * 
FILE=.\src\FreeRTOS_SCI_UART.obj
                                  ffe04043  ffe04145       103
  _sender_task
                                  ffe04043        26   func ,g         * 
  _receiver_task
                                  ffe04069        50   func ,g         * 
  _main_task
                                  ffe040b9        8c   func ,g         * 
  _my_sci_callback
                                  ffe04145         1   func ,g         * 
FILE=.\src\frtos_startup\freertos_object_init.obj
                                  ffe04146  ffe04147         2
  _Kernel_Object_init
                                  ffe04146         1   func ,g         * 
  _Object_init_manual
                                  ffe04147         1   func ,g         * 
FILE=.\src\frtos_startup\freertos_start.obj
                                  ffe04148  ffe04202        bb
  _vApplicationSetupTimerInterrupt
                                  ffe04148        55   func ,g         * 
  _vAssertCalled
                                  ffe0419d        17   func ,g         * 
  _vApplicationIdleHook
                                  ffe041b4         1   func ,g         * 
  _vApplicationTickHook
                                  ffe041b5         1   func ,g         * 
  _vApplicationMallocFailedHook
                                  ffe041b6        11   func ,g         * 
  _vApplicationStackOverflowHook
                                  ffe041c7        11   func ,g         * 
  _Processing_Before_Start_Kernel
                                  ffe041d8        2b   func ,g         * 
FILE=.\src\smc_gen\general\r_cg_hardware_setup.obj
                                  ffe04203  ffe0423e        3c
  _r_undefined_exception
                                  ffe04203         1   func ,g         * 
  _R_Systeminit
                                  ffe04204        3b   func ,g         * 
FILE=.\src\smc_gen\general\r_smc_cgc.obj
                                  ffe0423f  ffe04242         4
  _R_CGC_Create
                                  ffe0423f         4   func ,g         * 
FILE=.\src\smc_gen\general\r_smc_cgc_user.obj
                                  ffe04243  ffe04243         1
  _R_CGC_Create_UserInit
                                  ffe04243         1   func ,g         * 
FILE=.\src\smc_gen\general\r_smc_interrupt.obj
                                  ffe04244  ffe0425b        18
  _R_Interrupt_Create
                                  ffe04244        18   func ,g         * 
FILE=.\src\smc_gen\r_bsp\board\generic_rx65n\hwsetup.obj
                                  ffe0425c  ffe042de        83
  _hardware_setup
                                  ffe0425c        12   func ,g         * 
  _output_ports_configure
                                  ffe0426e         2   func ,l         * 
  _interrupts_configure
                                  ffe04270         2   func ,l         * 
  _peripheral_modules_enable
                                  ffe04272         4   func ,l         * 
  _bsp_adc_initial_configure
                                  ffe04276        3c   func ,l         * 
  _bsp_bsc_initial_configure
                                  ffe042b2        2d   func ,l         * 
FILE=.\src\smc_gen\r_bsp\mcu\all\lowlvl.obj
                                  ffe042df  ffe04300        22
  _charput
                                  ffe042df        10   func ,g         * 
  _charget
                                  ffe042ef        12   func ,g         * 
FILE=.\src\smc_gen\r_bsp\mcu\all\lowsrc.obj
                                  ffe04301  ffe04487       187
  _init_iolib
                                  ffe04301        84   func ,g         * 
  _close_all
                                  ffe04385        2a   func ,g         * 
  _open
                                  ffe043af        67   func ,g         * 
  _close
                                  ffe04416         3   func ,g         * 
  _write
                                  ffe04419        37   func ,g         * 
  _read
                                  ffe04450        34   func ,g         * 
  _lseek
                                  ffe04484         4   func ,g         * 
FILE=.\src\smc_gen\r_bsp\mcu\all\r_bsp_common.obj
                                  ffe04488  ffe04557        d0
  _R_BSP_GetVersion
                                  ffe04488         6   func ,g         * 
  _R_BSP_GetIClkFreqHz
                                  ffe0448e         4   func ,g         * 
  _R_BSP_SoftwareDelay
                                  ffe04492        c6   func ,g         * 
FILE=.\src\smc_gen\r_bsp\mcu\all\r_bsp_cpu.obj
                                  ffe04558  ffe046c7       170
  _R_BSP_InterruptsDisable
                                  ffe04558         9   func ,g         * 
  _R_BSP_InterruptsEnable
                                  ffe04561         9   func ,g         * 
  _R_BSP_CpuInterruptLevelRead
                                  ffe0456a         8   func ,g         * 
  _R_BSP_CpuInterruptLevelWrite
                                  ffe04572        5c   func ,g         * 
  _R_BSP_RegisterProtectEnable
                                  ffe045ce        67   func ,g         * 
  _R_BSP_RegisterProtectDisable
                                  ffe04635        5d   func ,g         * 
  _R_BSP_SoftwareReset
                                  ffe04692        11   func ,g         * 
  _bsp_register_protect_open
                                  ffe046a3        12   func ,g         * 
  _bsp_ram_initialize
                                  ffe046b5        13   func ,g         * 
FILE=.\src\smc_gen\r_bsp\mcu\all\r_bsp_interrupts.obj
                                  ffe046c8  ffe04a73       3ac
  _R_BSP_InterruptRequestEnable
                                  ffe046c8         e   func ,g         * 
  _R_BSP_InterruptRequestDisable
                                  ffe046d6         e   func ,g         * 
  _bsp_interrupt_open
                                  ffe046e4        1a   func ,g         * 
  _R_BSP_InterruptWrite
                                  ffe046fe        31   func ,g         * 
  _R_BSP_InterruptRead
                                  ffe0472f        1b   func ,g         * 
  _R_BSP_InterruptControl
                                  ffe0474a        75   func ,g         * 
  _bsp_fit_interrupts_control
                                  ffe047bf        40   func ,l         * 
  _bsp_gr_int_enable_disable
                                  ffe047ff       126   func ,l         * 
  _excep_supervisor_inst_isr
                                  ffe04925        17   func ,g         * 
  _excep_access_isr
                                  ffe0493c        17   func ,g         * 
  _excep_undefined_inst_isr
                                  ffe04953        17   func ,g         * 
  _excep_floating_point_isr
                                  ffe0496a        21   func ,g         * 
  _non_maskable_isr
                                  ffe0498b        b4   func ,g         * 
  _undefined_interrupt_source_isr
                                  ffe04a3f        17   func ,g         * 
  _bus_error_isr
                                  ffe04a56        1e   func ,g         * 
FILE=.\src\smc_gen\r_bsp\mcu\all\r_bsp_locking.obj
                                  ffe04a74  ffe04aa3        30
  _R_BSP_SoftwareLock
                                  ffe04a74        10   func ,g         * 
  _R_BSP_SoftwareUnlock
                                  ffe04a84         6   func ,g         * 
  _R_BSP_HardwareLock
                                  ffe04a8a         d   func ,g         * 
  _R_BSP_HardwareUnlock
                                  ffe04a97         d   func ,g         * 
FILE=.\src\smc_gen\r_bsp\mcu\all\sbrk.obj
                                  ffe04aa4  ffe04ac4        21
  _sbrk
                                  ffe04aa4        21   func ,g         * 
FILE=.\src\smc_gen\r_bsp\mcu\rx65n\mcu_clocks.obj
                                  ffe04ac5  ffe04c75       1b1
  _get_iclk_freq_hz
                                  ffe04ac5        8a   func ,g         * 
  _mcu_clock_setup
                                  ffe04b4f         0   func ,g         * 
  _operating_frequency_set
                                  ffe04b4f        52   func ,l         * 
  _clock_source_select
                                  ffe04ba1        d5   func ,l         * 
FILE=.\src\smc_gen\r_bsp\mcu\rx65n\mcu_init.obj
                                  ffe04c76  ffe04d16        a1
  _bsp_non_existent_port_init
                                  ffe04c76        a1   func ,g         * 
FILE=.\src\smc_gen\r_bsp\mcu\rx65n\mcu_interrupts.obj
                                  ffe04d17  ffe0531f       609
  _bsp_interrupt_enable_disable
                                  ffe04d17        c0   func ,g         * 
  _group_bl0_handler_isr
                                  ffe04dd7       203   func ,l         * 
  _group_bl1_handler_isr
                                  ffe04fda       1ae   func ,l         * 
  _group_bl2_handler_isr
                                  ffe05188        25   func ,l         * 
  _group_al0_handler_isr
                                  ffe051ad        c0   func ,l         * 
  _group_al1_handler_isr
                                  ffe0526d        6b   func ,l         * 
  _group_be0_handler_isr
                                  ffe052d8        48   func ,l         * 
FILE=.\src\smc_gen\r_bsp\mcu\rx65n\mcu_mapped_interrupts.obj
                                  ffe05320  ffe05533       214
  _bsp_mapped_interrupt_open
                                  ffe05320       214   func ,g         * 
FILE=.\src\smc_gen\r_byteq\src\r_byteq.obj
                                  ffe05534  ffe0565c       129
  _R_BYTEQ_Open
                                  ffe05534        63   func ,g         * 
  _R_BYTEQ_Put
                                  ffe05597        37   func ,g         * 
  _R_BYTEQ_Get
                                  ffe055ce        3e   func ,g         * 
  _R_BYTEQ_Flush
                                  ffe0560c         f   func ,g         * 
  _R_BYTEQ_Used
                                  ffe0561b        14   func ,g         * 
  _R_BYTEQ_Unused
                                  ffe0562f        1c   func ,g         * 
  _R_BYTEQ_Close
                                  ffe0564b         c   func ,g         * 
  _R_BYTEQ_GetVersion
                                  ffe05657         6   func ,g         * 
FILE=.\src\smc_gen\r_pincfg\Pin.obj
                                  ffe0565d  ffe05697        3b
  _R_Pins_Create
                                  ffe0565d        3b   func ,g         * 
FILE=.\src\smc_gen\r_pincfg\r_sci_rx_pinset.obj
                                  ffe05698  ffe056c2        2b
  _R_SCI_PinSet_SCI1
                                  ffe05698        2b   func ,g         * 
FILE=.\src\smc_gen\r_sci_rx\src\r_sci_rx.obj
                                  ffe056c3  ffe05c45       583
  _R_SCI_Open
                                  ffe056c3        b7   func ,g         * 
  _power_on
                                  ffe0577a        3d   func ,l         * 
  _power_off
                                  ffe057b7        3b   func ,l         * 
  _sci_init_queues
                                  ffe057f2        4f   func ,l         * 
  _sci_init_async
                                  ffe05841        b0   func ,l         * 
  _R_SCI_Send
                                  ffe058f1        38   func ,g         * 
  _sci_send_async_data
                                  ffe05929        54   func ,l         * 
  _sci_put_byte
                                  ffe0597d         6   func ,l         * 
  _sci_transfer
                                  ffe05983        39   func ,l         * 
  _txi_handler
                                  ffe059bc         2   func ,g         * 
  _R_SCI_Receive
                                  ffe059be        38   func ,g         * 
  _sci_receive_async_data
                                  ffe059f6        54   func ,l         * 
  _sci_receive
                                  ffe05a4a        3e   func ,l         * 
  _rxi_handler
                                  ffe05a88         2   func ,g         * 
  _sci_error
                                  ffe05a8a        67   func ,l         * 
  _eri_handler
                                  ffe05af1         2   func ,g         * 
  _R_SCI_Control
                                  ffe05af3       114   func ,g         * 
  _R_SCI_Close
                                  ffe05c07        39   func ,g         * 
  _R_SCI_GetVersion
                                  ffe05c40         6   func ,g         * 
FILE=.\src\smc_gen\r_sci_rx\src\targets\rx65n\r_sci_rx65n.obj
                                  ffe05c46  ffe0616a       525
  _sci_mcu_param_check
                                  ffe05c46         6   func ,g         * 
  _sci_init_register
                                  ffe05c4c        b7   func ,g         * 
  _sci_init_bit_rate
                                  ffe05d03       162   func ,g         * 
  _sci_initialize_ints
                                  ffe05e65        c6   func ,g         * 
  _sci_disable_ints
                                  ffe05f2b        4e   func ,g         * 
  _sci_async_cmds
                                  ffe05f79       1c0   func ,g         * 
  _sci1_txi1_isr
                                  ffe06139        14   func ,l         * 
  _sci1_rxi1_isr
                                  ffe0614d        14   func ,l         * 
  _sci1_eri1_isr
                                  ffe06161         a   func ,g         * 
FILE=freopen
                                  ffe0616b  ffe06197        2d
  _freopen
                                  ffe0616b        2d   func ,g         * 
FILE=fclose
                                  ffe06198  ffe061eb        54
  _fclose
                                  ffe06198        54   func ,g         * 
FILE=sprintf
                                  ffe061ec  ffe0621d        32
  _prout
                                  ffe061ec         a   func ,l         * 
  _sprintf
                                  ffe061f6        28   func ,g         * 
FILE=__COM_DIV64u
                                  ffe0621e  ffe062b6        99
  __COM_DIV64u
                                  ffe0621e         0   none ,g         * 
  _Loop_Init
                                  ffe06228         0   none ,l         * 
  _Loop
                                  ffe06230         0   none ,l         * 
  _DivStart
                                  ffe0623c         0   none ,l         * 
  _Success
                                  ffe0624a         0   none ,l         * 
  _DivEnd
                                  ffe06256         0   none ,l         * 
  IXI6DIV
                                  ffe0625b         0   none ,l         * 
  IXI4DIV
                                  ffe0626d         0   none ,l         * 
  IXI2DIV
                                  ffe0627d         0   none ,l         * 
  I8I2DIV
                                  ffe06285         0   none ,l         * 
  I4I2DIV
                                  ffe062b3         0   none ,l         * 
  _i8divU_End
                                  ffe062b6         0   none ,l         * 
FILE=__initsct
                                  ffe062b7  ffe06300        4a
  __INITSCT
                                  ffe062b7         0   none ,g         * 
  loop1
                                  ffe062c9         0   none ,l         * 
  next_loop1
                                  ffe062d7         0   none ,l         * 
  loop3
                                  ffe062e9         0   none ,l         * 
  next_loop3
                                  ffe062fa         0   none ,l         * 
FILE=fflush
                                  ffe06301  ffe06382        82
  _fflush
                                  ffe06301        82   func ,g         * 
FILE=xfoprep
                                  ffe06383  ffe06454        d2
  __Foprep
                                  ffe06383        d2   func ,g         * 
FILE=xfofind
                                  ffe06455  ffe064e1        8d
  __Fofind
                                  ffe06455        44   func ,g         * 
  __Fofree
                                  ffe06499        49   func ,g         * 
FILE=xprintf
                                  ffe064e2  ffe06731       250
  __Printf
                                  ffe064e2       250   func ,g         * 
FILE=free
                                  ffe06732  ffe067b3        82
  _free
                                  ffe06732        82   func ,g         * 
FILE=xputfld
                                  ffe067b4  ffe06c15       462
  __Putfld
                                  ffe067b4       462   func ,g         * 
FILE=xfopen
                                  ffe06c16  ffe06c45        30
  __Fopen
                                  ffe06c16        30   func ,g         * 
FILE=xvacopy
                                  ffe06c46  ffe06c48         3
  __Vacopy
                                  ffe06c46         3   func ,g         * 
FILE=xputtxt
                                  ffe06c49  ffe06ea0       258
  __Puttxt
                                  ffe06c49       258   func ,g         * 
FILE=strchr
                                  ffe06ea1  ffe06eb3        13
  _strchr
                                  ffe06ea1        13   func ,g         * 
FILE=xctype
                                  ffe06eb4  ffe06ec9        16
  __Getpctype
                                  ffe06eb4        16   func ,g         * 
FILE=malloc
                                  ffe06eca  ffe06fa4        db
  _findmem
                                  ffe06eca        79   func ,l         * 
  _malloc
                                  ffe06f43        62   func ,g         * 
FILE=xldtob
                                  ffe06fa5  ffe0737b       3d7
  __Ldtob
                                  ffe06fa5       3d7   func ,g         * 
FILE=xputstr
                                  ffe0737c  ffe07457        dc
  __Putstr
                                  ffe0737c        dc   func ,g         * 
FILE=xlitob
                                  ffe07458  ffe07561       10a
  __Litob
                                  ffe07458       10a   func ,g         * 
FILE=xgetmem
                                  ffe07562  ffe0757c        1b
  __Getmem
                                  ffe07562        1b   func ,g         * 
FILE=xgenld
                                  ffe0757d  ffe07805       289
  __Genld
                                  ffe0757d       289   func ,g         * 
FILE=xwctomb
                                  ffe07806  ffe0794c       147
  __Wctombx
                                  ffe07806       103   func ,g         * 
  __Wctomb
                                  ffe07909        44   func ,g         * 
FILE=xstate
                                  ffe0794d  ffe0797e        32
  __Getmbcurmax
                                  ffe0794d        16   func ,g         * 
  __Getpmbstate
                                  ffe07963        1c   func ,g         * 
FILE=xldscale
                                  ffe0797f  ffe07982         4
  __LDscale
                                  ffe0797f         4   func ,g         * 
FILE=xldunsca
                                  ffe07983  ffe07986         4
  __LDunscale
                                  ffe07983         4   func ,g         * 
FILE=__COM_MOD64u
                                  ffe07987  ffe07a0d        87
  __COM_MOD64u
                                  ffe07987         0   none ,g         * 
  _Loop_Init
                                  ffe07991         0   none ,l         * 
  _Loop
                                  ffe07995         0   none ,l         * 
  _DivStart
                                  ffe079a1         0   none ,l         * 
  _Success
                                  ffe079af         0   none ,l         * 
  _DivEnd
                                  ffe079b7         0   none ,l         * 
  IXI6DIV
                                  ffe079b8         0   none ,l         * 
  IXI4DIV
                                  ffe079ca         0   none ,l         * 
  IXI2DIV
                                  ffe079da         0   none ,l         * 
  I8I2DIV
                                  ffe079e2         0   none ,l         * 
  I4I2DIV
                                  ffe07a02         0   none ,l         * 
FILE=_div
                                  ffe07a0e  ffe07a19         c
  _ldiv
                                  ffe07a0e         0   none ,g         * 
  _div
                                  ffe07a0e         0   none ,g         * 
FILE=localeco
                                  ffe07a1a  ffe07a20         7
  _localeconv
                                  ffe07a1a         7   func ,g         * 
FILE=xwcstate
                                  ffe07a21  ffe07a3c        1c
  __Getpwcstate
                                  ffe07a21        1c   func ,g         * 
FILE=xfdscale
                                  ffe07a3d  ffe07b49       10d
  __FDscale
                                  ffe07a3d       10d   func ,g         * 
FILE=xfdunsca
                                  ffe07b4a  ffe07b9e        55
  __FDunscale
                                  ffe07b4a        55   func ,g         * 
FILE=xfdnorm
                                  ffe07b9f  ffe07c07        69
  __FDnorm
                                  ffe07b9f        69   func ,g         * 

SECTION=EXCEPTVECT
FILE=.\src\smc_gen\r_bsp\mcu\rx65n\vecttbl.obj
                                  ffffff80  fffffffb        7c
  _Except_Vectors
                                  ffffff80        7c   data ,g         * 

SECTION=RESETVECT
FILE=.\src\smc_gen\r_bsp\mcu\rx65n\vecttbl.obj
                                  fffffffc  ffffffff         4
  _Reset_Vector
                                  fffffffc         4   data ,g         * 

*** Unfilled Areas ***

AREA                                START    END

*** Delete Symbols ***

SYMBOL                                SIZE    INFO
