Renesas Optimizing Linker (W3.07.00 )             22-Aug-2025 09:43:53

*** Options ***

-subcommand=LinkerFreeRTOS_Queue.tmp
-MAKEUD="C:\Users\pchulaka\Desktop\e2_studio\FreeRTOS_Queue\HardwareDebug/FreeRTOS_Queue_l.ud" 
-noprelink 
-input=".\src/FreeRTOS/Source/portable/Renesas/RX600v2\port_asm.obj"
-input=".\src/FreeRTOS/Source\croutine.obj"
-input=".\src/FreeRTOS/Source\event_groups.obj"
-input=".\src/FreeRTOS/Source\list.obj"
-input=".\src/FreeRTOS/Source/portable/MemMang\heap_4.obj"
-input=".\src/FreeRTOS/Source/portable/Renesas/RX600v2\port.obj"
-input=".\src/FreeRTOS/Source\queue.obj"
-input=".\src/FreeRTOS/Source\stream_buffer.obj"
-input=".\src/FreeRTOS/Source\tasks.obj"
-input=".\src/FreeRTOS/Source\timers.obj"
-input=".\src\FreeRTOS_Queue.obj"
-input=".\src/frtos_startup\freertos_object_init.obj"
-input=".\src/frtos_startup\freertos_start.obj"
-input=".\src/smc_gen/general\r_cg_hardware_setup.obj"
-input=".\src/smc_gen/general\r_smc_cgc.obj"
-input=".\src/smc_gen/general\r_smc_cgc_user.obj"
-input=".\src/smc_gen/general\r_smc_interrupt.obj"
-input=".\src/smc_gen/r_bsp/board/generic_rx65n\hwsetup.obj"
-input=".\src/smc_gen/r_bsp/mcu/all\dbsct.obj"
-input=".\src/smc_gen/r_bsp/mcu/all\lowlvl.obj"
-input=".\src/smc_gen/r_bsp/mcu/all\lowsrc.obj"
-input=".\src/smc_gen/r_bsp/mcu/all\mcu_locks.obj"
-input=".\src/smc_gen/r_bsp/mcu/all\r_bsp_common.obj"
-input=".\src/smc_gen/r_bsp/mcu/all\r_bsp_cpu.obj"
-input=".\src/smc_gen/r_bsp/mcu/all\r_bsp_interrupts.obj"
-input=".\src/smc_gen/r_bsp/mcu/all\r_bsp_locking.obj"
-input=".\src/smc_gen/r_bsp/mcu/all\r_bsp_mcu_startup.obj"
-input=".\src/smc_gen/r_bsp/mcu/all\r_bsp_software_interrupt.obj"
-input=".\src/smc_gen/r_bsp/mcu/all\r_rx_intrinsic_functions.obj"
-input=".\src/smc_gen/r_bsp/mcu/all\resetprg.obj"
-input=".\src/smc_gen/r_bsp/mcu/all\sbrk.obj"
-input=".\src/smc_gen/r_bsp/mcu/rx65n\mcu_clocks.obj"
-input=".\src/smc_gen/r_bsp/mcu/rx65n\mcu_init.obj"
-input=".\src/smc_gen/r_bsp/mcu/rx65n\mcu_interrupts.obj"
-input=".\src/smc_gen/r_bsp/mcu/rx65n\mcu_mapped_interrupts.obj"
-input=".\src/smc_gen/r_bsp/mcu/rx65n\vecttbl.obj"
-input=".\src/smc_gen/r_pincfg\Pin.obj"
-library=".\FreeRTOS_Queue.lib"
-output="FreeRTOS_Queue.abs" 
-form=absolute 
-nomessage 
-vect=_undefined_interrupt_source_isr 
-list 
-show=symbol 
-nooptimize 
-start=SU,SI,B_1,R_1,B_2,R_2,B,R/04,PResetPRG,C_1,C_2,C,C$*,D*,W*,L,P/0FFE00000,EXCEPTVECT/0FFFFFF80,RESETVECT/0FFFFFFFC,BEXRAM_1,REXRAM_1,BEXRAM_2,REXRAM_2,BEXRAM,REXRAM/00800000 
-rom=D=R,D_1=R_1,D_2=R_2,DEXRAM=REXRAM,DEXRAM_1=REXRAM_1,DEXRAM_2=REXRAM_2 
-cpu=RAM=00000000-0003ffff,FIX=00080000-00083fff,FIX=00086000-00087fff,FIX=00088000-0009ffff,FIX=000a0000-000a3fff,RAM=000a4000-000a5fff,FIX=000a6000-000bffff,FIX=000c0000-000dffff,FIX=000e0000-000fffff,ROM=00100000-00107fff,FIX=007fc000-007fcfff,FIX=007fe000-007fffff,RAM=00800000-0085ffff,RAM=fe7f5d00-fe7f5d7f,RAM=fe7f7d70-fe7f7d9f,ROM=ffe00000-ffffffff 
-nologo

*** Error information ***

*** Mapping List ***

SECTION                            START      END         SIZE   ALIGN
SU
                                  00000004  00001003      1000   4
SI
                                  00001004  00001403       400   4
B_1
                                  00001404  0000342c      2029   1
R_1
                                  0000342d  0000347d        51   1
B_2
                                  0000347e  00003485         8   2
R_2
                                  00003486  00003486         0   1
B
                                  00003488  00003d67       8e0   4
R
                                  00003d68  00003ebb       154   4
BEXRAM_1
                                  00800000  00800000         0   1
REXRAM_1
                                  00800000  00800000         0   1
BEXRAM_2
                                  00800000  00800000         0   1
REXRAM_2
                                  00800000  00800000         0   1
BEXRAM
                                  00800000  00800000         0   1
REXRAM
                                  00800000  00800000         0   1
$ADDR_C_FE7F5D00
                                  fe7f5d00  fe7f5d0b         c   1
$ADDR_C_FE7F5D10
                                  fe7f5d10  fe7f5d13         4   1
$ADDR_C_FE7F5D20
                                  fe7f5d20  fe7f5d23         4   1
$ADDR_C_FE7F5D40
                                  fe7f5d40  fe7f5d43         4   1
$ADDR_C_FE7F5D48
                                  fe7f5d48  fe7f5d4b         4   1
$ADDR_C_FE7F5D50
                                  fe7f5d50  fe7f5d5f        10   1
$ADDR_C_FE7F5D64
                                  fe7f5d64  fe7f5d67         4   1
$ADDR_C_FE7F5D70
                                  fe7f5d70  fe7f5d73         4   1
PResetPRG
                                  ffe00000  ffe00064        65   1
C_1
                                  ffe00065  ffe00065         0   1
C_2
                                  ffe00066  ffe0006b         6   2
C
                                  ffe0006c  ffe000e7        7c   4
C$DSEC
                                  ffe000e8  ffe0012f        48   4
C$BSEC
                                  ffe00130  ffe0015f        30   4
C$VECT
                                  ffe00160  ffe0055f       400   4
D
                                  ffe00560  ffe006b3       154   4
D_1
                                  ffe006b4  ffe00704        51   1
DEXRAM
                                  ffe00705  ffe00705         0   1
DEXRAM_1
                                  ffe00705  ffe00705         0   1
DEXRAM_2
                                  ffe00705  ffe00705         0   1
D_2
                                  ffe00705  ffe00705         0   1
W
                                  ffe00708  ffe00708         0   4
W_1
                                  ffe00708  ffe00717        10   1
W_2
                                  ffe00718  ffe00718         0   2
L
                                  ffe00718  ffe00795        7e   4
P
                                  ffe00796  ffe0540b      4c76   1
EXCEPTVECT
                                  ffffff80  fffffffb        7c   4
RESETVECT
                                  fffffffc  ffffffff         4   4

*** Symbol List ***

SECTION=
FILE=                               START        END    SIZE
  SYMBOL                            ADDR        SIZE    INFO      COUNTS  OPT

SECTION=SU
FILE=.\src\smc_gen\r_bsp\mcu\all\resetprg.obj
                                  00000004  00001003      1000

SECTION=SI
FILE=.\src\smc_gen\r_bsp\mcu\all\resetprg.obj
                                  00001004  00001403       400

SECTION=B_1
FILE=.\src\FreeRTOS\Source\portable\MemMang\heap_4.obj
                                  00001404  00003403      2000
  _ucHeap
                                  00001404      2000   data ,l         * 
FILE=.\src\FreeRTOS_Queue.obj
                                  00003404  00003404         1
  _buf
                                  00003404         1   data ,g         * 
FILE=.\src\smc_gen\r_bsp\mcu\all\lowsrc.obj
                                  00003405  0000342c        28
  _flmod
                                  00003405        14   data ,g         * 
  _sml_buf
                                  00003419        14   data ,g         * 

SECTION=R_1
FILE=.\src\FreeRTOS_Queue.obj
                                  0000342d  0000342d         1
  _data_to_send
                                  0000342d         1   data ,g         * 
FILE=xfiles
                                  0000342e  0000347d        50
  _ebuf
                                  0000342e        50   data ,l         * 

SECTION=B_2
FILE=.\src\smc_gen\r_bsp\mcu\all\r_bsp_cpu.obj
                                  0000347e  00003485         8
  _s_protect_counters
                                  0000347e         8   data ,l         * 

SECTION=B
FILE=.\src\FreeRTOS\Source\portable\MemMang\heap_4.obj
                                  00003488  0000348f         8
  _xStart
                                  00003488         8   data ,l         * 
FILE=.\src\FreeRTOS\Source\tasks.obj
                                  00003490  00003587        f8
  _pxReadyTasksLists
                                  00003490        8c   data ,l         * 
  _xDelayedTaskList1
                                  0000351c        14   data ,l         * 
  _xDelayedTaskList2
                                  00003530        14   data ,l         * 
  _pxDelayedTaskList
                                  00003544         4   data ,l         * 
  _pxOverflowDelayedTaskList
                                  00003548         4   data ,l         * 
  _xPendingReadyList
                                  0000354c        14   data ,l         * 
  _xTasksWaitingTermination
                                  00003560        14   data ,l         * 
  _xSuspendedTaskList
                                  00003574        14   data ,l         * 
FILE=.\src\FreeRTOS\Source\timers.obj
                                  00003588  000035b7        30
  _xActiveTimerList1
                                  00003588        14   data ,l         * 
  _xActiveTimerList2
                                  0000359c        14   data ,l         * 
  _pxCurrentTimerList
                                  000035b0         4   data ,l         * 
  _pxOverflowTimerList
                                  000035b4         4   data ,l         * 
FILE=.\src\FreeRTOS_Queue.obj
                                  000035b8  000035bb         4
  _xQueue
                                  000035b8         4   data ,g         * 
FILE=.\src\smc_gen\r_bsp\mcu\all\lowsrc.obj
                                  000035bc  0000360b        50
  __Files
                                  000035bc        50   data ,g         * 
FILE=.\src\smc_gen\r_bsp\mcu\all\mcu_locks.obj
                                  0000360c  000037db       1d0
  _g_bsp_Locks
                                  0000360c       1d0   data ,g         * 
FILE=.\src\smc_gen\r_bsp\mcu\all\r_bsp_interrupts.obj
                                  000037dc  0000395f       184
  _g_bsp_vectors
                                  000037dc       184   data ,l         * 
FILE=.\src\smc_gen\r_bsp\mcu\all\sbrk.obj
                                  00003960  00003d63       404
  __s1ptr
                                  00003960         4   data ,g         * 
  _s_heap_area
                                  00003964       400   data ,l         * 
FILE=_errno
                                  00003d64  00003d67         4
  __errno
                                  00003d64         4   data ,g         * 

SECTION=R
FILE=.\src\FreeRTOS\Source\portable\MemMang\heap_4.obj
                                  00003d68  00003d7f        18
  _pxEnd
                                  00003d68         4   data ,l         * 
  _xFreeBytesRemaining
                                  00003d6c         4   data ,l         * 
  _xMinimumEverFreeBytesRemaining
                                  00003d70         4   data ,l         * 
  _xNumberOfSuccessfulAllocations
                                  00003d74         4   data ,l         * 
  _xNumberOfSuccessfulFrees
                                  00003d78         4   data ,l         * 
  _xBlockAllocatedBit
                                  00003d7c         4   data ,l         * 
FILE=.\src\FreeRTOS\Source\portable\Renesas\RX600v2\port.obj
                                  00003d80  00003d83         4
  _p_vSoftwareInterruptEntry
                                  00003d80         4   data ,g         * 
FILE=.\src\FreeRTOS\Source\tasks.obj
                                  00003d84  00003db7        34
  _pxCurrentTCB
                                  00003d84         4   data ,g         * 
  _uxDeletedTasksWaitingCleanUp
                                  00003d88         4   data ,l         * 
  _uxCurrentNumberOfTasks
                                  00003d8c         4   data ,l         * 
  _xTickCount
                                  00003d90         4   data ,l         * 
  _uxTopReadyPriority
                                  00003d94         4   data ,l         * 
  _xSchedulerRunning
                                  00003d98         4   data ,l         * 
  _xPendedTicks
                                  00003d9c         4   data ,l         * 
  _xYieldPending
                                  00003da0         4   data ,l         * 
  _xNumOfOverflows
                                  00003da4         4   data ,l         * 
  _uxTaskNumber
                                  00003da8         4   data ,l         * 
  _xNextTaskUnblockTime
                                  00003dac         4   data ,l         * 
  _xIdleTaskHandle
                                  00003db0         4   data ,l         * 
  _uxSchedulerSuspended
                                  00003db4         4   data ,l         * 
FILE=.\src\FreeRTOS\Source\timers.obj
                                  00003db8  00003dc3         c
  _xTimerQueue
                                  00003db8         4   data ,l         * 
  _xTimerTaskHandle
                                  00003dbc         4   data ,l         * 
  _xLastTime$1
                                  00003dc0         4   data ,l         * 
FILE=.\src\smc_gen\r_bsp\mcu\all\lowsrc.obj
                                  00003dc4  00003dd7        14
  _env_list
                                  00003dc4        10   data ,g         * 
  _environ
                                  00003dd4         4   data ,g         * 
FILE=.\src\smc_gen\r_bsp\mcu\all\sbrk.obj
                                  00003dd8  00003ddb         4
  _sp_brk
                                  00003dd8         4   data ,l         * 
FILE=xfiles
                                  00003ddc  00003eb3        d8
  __Stdin
                                  00003ddc        48   data ,g         * 
  __Stdout
                                  00003e24        48   data ,g         * 
  __Stderr
                                  00003e6c        48   data ,g         * 
FILE=malloc
                                  00003eb4  00003ebb         8
  __Aldata
                                  00003eb4         8   data ,g         * 

SECTION=$ADDR_C_FE7F5D00
FILE=.\src\smc_gen\r_bsp\mcu\rx65n\vecttbl.obj
                                  fe7f5d00  fe7f5d0b         c
  ___MDEreg
                                  fe7f5d00         4   data ,g         * 
  ___OFS0reg
                                  fe7f5d04         4   data ,g         * 
  ___OFS1reg
                                  fe7f5d08         4   data ,g         * 

SECTION=$ADDR_C_FE7F5D10
FILE=.\src\smc_gen\r_bsp\mcu\rx65n\vecttbl.obj
                                  fe7f5d10  fe7f5d13         4
  ___TMINFreg
                                  fe7f5d10         4   data ,g         * 

SECTION=$ADDR_C_FE7F5D20
FILE=.\src\smc_gen\r_bsp\mcu\rx65n\vecttbl.obj
                                  fe7f5d20  fe7f5d23         4
  ___BANKSELreg
                                  fe7f5d20         4   data ,g         * 

SECTION=$ADDR_C_FE7F5D40
FILE=.\src\smc_gen\r_bsp\mcu\rx65n\vecttbl.obj
                                  fe7f5d40  fe7f5d43         4
  ___SPCCreg
                                  fe7f5d40         4   data ,g         * 

SECTION=$ADDR_C_FE7F5D48
FILE=.\src\smc_gen\r_bsp\mcu\rx65n\vecttbl.obj
                                  fe7f5d48  fe7f5d4b         4
  ___TMEFreg
                                  fe7f5d48         4   data ,g         * 

SECTION=$ADDR_C_FE7F5D50
FILE=.\src\smc_gen\r_bsp\mcu\rx65n\vecttbl.obj
                                  fe7f5d50  fe7f5d5f        10
  ___OSIS1reg
                                  fe7f5d50         4   data ,g         * 
  ___OSIS2reg
                                  fe7f5d54         4   data ,g         * 
  ___OSIS3reg
                                  fe7f5d58         4   data ,g         * 
  ___OSIS4reg
                                  fe7f5d5c         4   data ,g         * 

SECTION=$ADDR_C_FE7F5D64
FILE=.\src\smc_gen\r_bsp\mcu\rx65n\vecttbl.obj
                                  fe7f5d64  fe7f5d67         4
  ___FAWreg
                                  fe7f5d64         4   data ,g         * 

SECTION=$ADDR_C_FE7F5D70
FILE=.\src\smc_gen\r_bsp\mcu\rx65n\vecttbl.obj
                                  fe7f5d70  fe7f5d73         4
  ___ROMCODEreg
                                  fe7f5d70         4   data ,g         * 

SECTION=PResetPRG
FILE=.\src\smc_gen\r_bsp\mcu\all\resetprg.obj
                                  ffe00000  ffe00064        65
  _PowerON_Reset_PC
                                  ffe00000        65   entry,g         * 

SECTION=C_2
FILE=.\src\smc_gen\r_bsp\mcu\all\r_bsp_cpu.obj
                                  ffe00066  ffe0006b         6
  _s_prcr_masks
                                  ffe00066         6   data ,l         * 

SECTION=C
FILE=.\src\FreeRTOS\Source\tasks.obj
                                  ffe0006c  ffe0006f         4
  _uxTopUsedPriority
                                  ffe0006c         4   data ,g         * 
FILE=.\src\smc_gen\r_bsp\mcu\all\dbsct.obj
                                  ffe00070  ffe00087        18
  __CTBL
                                  ffe00070        18   data ,g         * 
FILE=_nfiles
                                  ffe00088  ffe0008b         4
  __nfiles
                                  ffe00088         4   data ,g         * 
FILE=xfoprep
                                  ffe0008c  ffe000d3        48
  _init$1
                                  ffe0008c        48   data ,l         * 
FILE=xfopen
                                  ffe000d4  ffe000e3        10
  _rwacc$1
                                  ffe000d4        10   data ,l         * 
FILE=_sbrk_si
                                  ffe000e4  ffe000e7         4
  __sbrk_size
                                  ffe000e4         4   data ,g         * 

SECTION=C$DSEC
FILE=.\src\smc_gen\r_bsp\mcu\all\dbsct.obj
                                  ffe000e8  ffe0012f        48
  __DTBL
                                  ffe000e8        48   data ,g         * 

SECTION=C$BSEC
FILE=.\src\smc_gen\r_bsp\mcu\all\dbsct.obj
                                  ffe00130  ffe0015f        30
  __BTBL
                                  ffe00130        30   data ,g         * 

SECTION=C$VECT
FILE=.\src\smc_gen\r_bsp\mcu\all\resetprg.obj
                                  ffe00160  ffe0055f       400

SECTION=D
FILE=.\src\FreeRTOS\Source\portable\MemMang\heap_4.obj
                                  ffe00560  ffe00577        18
FILE=.\src\FreeRTOS\Source\portable\Renesas\RX600v2\port.obj
                                  ffe00578  ffe0057b         4
FILE=.\src\FreeRTOS\Source\tasks.obj
                                  ffe0057c  ffe005af        34
FILE=.\src\FreeRTOS\Source\timers.obj
                                  ffe005b0  ffe005bb         c
FILE=.\src\smc_gen\r_bsp\mcu\all\lowsrc.obj
                                  ffe005bc  ffe005cf        14
FILE=.\src\smc_gen\r_bsp\mcu\all\sbrk.obj
                                  ffe005d0  ffe005d3         4
FILE=xfiles
                                  ffe005d4  ffe006ab        d8
FILE=malloc
                                  ffe006ac  ffe006b3         8

SECTION=D_1
FILE=.\src\FreeRTOS_Queue.obj
                                  ffe006b4  ffe006b4         1
FILE=xfiles
                                  ffe006b5  ffe00704        50

SECTION=W_1
FILE=.\src\smc_gen\r_bsp\mcu\all\r_bsp_cpu.obj
                                  ffe00708  ffe00717        10

SECTION=L
FILE=.\src\FreeRTOS\Source\tasks.obj
                                  ffe00718  ffe0071c         5
FILE=.\src\FreeRTOS\Source\timers.obj
                                  ffe00720  ffe00727         8
FILE=.\src\FreeRTOS_Queue.obj
                                  ffe00728  ffe00741        1a
FILE=.\src\frtos_startup\freertos_start.obj
                                  ffe00744  ffe0074d         a
FILE=.\src\smc_gen\r_bsp\mcu\all\dbsct.obj
                                  ffe00750  ffe00753         4
  _deadSpace
                                  ffe00750         4   data ,g         * 
FILE=.\src\smc_gen\r_bsp\mcu\all\lowsrc.obj
                                  ffe00754  ffe00795        42

SECTION=P
FILE=.\src\FreeRTOS\Source\portable\Renesas\RX600v2\port_asm.obj
                                  ffe00796  ffe00799         4
  _vSoftwareInterruptEntry
                                  ffe00796         0   none ,g         * 
FILE=.\src\FreeRTOS\Source\event_groups.obj
                                  ffe0079a  ffe00a6c       2d3
  _set_interrupt_mask_from_isr
                                  ffe0079a         c   func ,l         * 
  _xEventGroupCreate
                                  ffe007a6        1e   func ,g         * 
  _xEventGroupSync
                                  ffe007c4        af   func ,g         * 
  _xEventGroupWaitBits
                                  ffe00873        c6   func ,g         * 
  _xEventGroupClearBits
                                  ffe00939        2d   func ,g         * 
  _xEventGroupClearBitsFromISR
                                  ffe00966        12   func ,g         * 
  _xEventGroupGetBitsFromISR
                                  ffe00978        20   func ,g         * 
  _xEventGroupSetBits
                                  ffe00998        68   func ,g         * 
  _vEventGroupDelete
                                  ffe00a00        36   func ,g         * 
  _vEventGroupSetBitsCallback
                                  ffe00a36         3   func ,g         * 
  _vEventGroupClearBitsCallback
                                  ffe00a39         3   func ,g         * 
  _prvTestWaitCondition
                                  ffe00a3c        12   func ,l         * 
  _xEventGroupSetBitsFromISR
                                  ffe00a4e        14   func ,g         * 
  _uxEventGroupGetNumber
                                  ffe00a62         8   func ,g         * 
  _vEventGroupSetNumber
                                  ffe00a6a         3   func ,g         * 
FILE=.\src\FreeRTOS\Source\list.obj
                                  ffe00a6d  ffe00ae4        78
  _vListInitialise
                                  ffe00a6d        11   func ,g         * 
  _vListInitialiseItem
                                  ffe00a7e         4   func ,g         * 
  _vListInsertEnd
                                  ffe00a82        17   func ,g         * 
  _vListInsert
                                  ffe00a99        29   func ,g         * 
  _uxListRemove
                                  ffe00ac2        23   func ,g         * 
FILE=.\src\FreeRTOS\Source\portable\MemMang\heap_4.obj
                                  ffe00ae5  ffe00d79       295
  _pvPortMalloc
                                  ffe00ae5        f7   func ,g         * 
  _vPortFree
                                  ffe00bdc        67   func ,g         * 
  _xPortGetFreeHeapSize
                                  ffe00c43         9   func ,g         * 
  _xPortGetMinimumEverFreeHeapSize
                                  ffe00c4c         9   func ,g         * 
  _vPortInitialiseBlocks
                                  ffe00c55         1   func ,g         * 
  _prvHeapInit
                                  ffe00c56        62   func ,l         * 
  _prvInsertBlockIntoFreeList
                                  ffe00cb8        4b   func ,l         * 
  _vPortGetHeapStats
                                  ffe00d03        77   func ,g         * 
FILE=.\src\FreeRTOS\Source\portable\Renesas\RX600v2\port.obj
                                  ffe00d7a  ffe00ef2       179
  _pxPortInitialiseStack
                                  ffe00d7a        53   func ,g         * 
  _xPortStartScheduler
                                  ffe00dcd        64   func ,g         * 
  _vTickISR
                                  ffe00e31        28   func ,g         * 
  _vSoftwareInterruptISR
                                  ffe00e59        87   func ,g         * 
  _vPortEndScheduler
                                  ffe00ee0        13   func ,g         * 
FILE=.\src\FreeRTOS\Source\queue.obj
                                  ffe00ef3  ffe01a28       b36
  _set_interrupt_mask_from_isr
                                  ffe00ef3         c   func ,l         * 
  _xQueueGenericReset
                                  ffe00eff        6a   func ,g         * 
  _xQueueGenericCreate
                                  ffe00f69        4e   func ,g         * 
  _prvInitialiseNewQueue
                                  ffe00fb7        21   func ,l         * 
  _prvInitialiseMutex
                                  ffe00fd8        14   func ,l         * 
  _xQueueCreateMutex
                                  ffe00fec        15   func ,g         * 
  _xQueueGiveMutexRecursive
                                  ffe01001        31   func ,g         * 
  _xQueueTakeMutexRecursive
                                  ffe01032        3d   func ,g         * 
  _xQueueCreateCountingSemaphore
                                  ffe0106f        27   func ,g         * 
  _xQueueGenericSend
                                  ffe01096       133   func ,g         * 
  _xQueueGenericSendFromISR
                                  ffe011c9        b8   func ,g         * 
  _xQueueGiveFromISR
                                  ffe01281        9c   func ,g         * 
  _xQueueReceive
                                  ffe0131d       10b   func ,g         * 
  _xQueueSemaphoreTake
                                  ffe01428       13e   func ,g         * 
  _xQueuePeek
                                  ffe01566       109   func ,g         * 
  _xQueueReceiveFromISR
                                  ffe0166f        8d   func ,g         * 
  _xQueuePeekFromISR
                                  ffe016fc        60   func ,g         * 
  _uxQueueMessagesWaiting
                                  ffe0175c        19   func ,g         * 
  _uxQueueSpacesAvailable
                                  ffe01775        1d   func ,g         * 
  _uxQueueMessagesWaitingFromISR
                                  ffe01792         f   func ,g         * 
  _vQueueDelete
                                  ffe017a1        12   func ,g         * 
  _uxQueueGetQueueNumber
                                  ffe017b3         3   func ,g         * 
  _vQueueSetQueueNumber
                                  ffe017b6         3   func ,g         * 
  _ucQueueGetQueueType
                                  ffe017b9         4   func ,g         * 
  _prvGetDisinheritPriorityAfterTimeout
                                  ffe017bd        10   func ,l         * 
  _prvCopyDataToQueue
                                  ffe017cd        68   func ,l         * 
  _prvCopyDataFromQueue
                                  ffe01835        20   func ,l         * 
  _prvUnlockQueue
                                  ffe01855        70   func ,l         * 
  _prvIsQueueEmpty
                                  ffe018c5        16   func ,l         * 
  _xQueueIsQueueEmptyFromISR
                                  ffe018db        14   func ,g         * 
  _prvIsQueueFull
                                  ffe018ef        18   func ,l         * 
  _xQueueIsQueueFullFromISR
                                  ffe01907        16   func ,g         * 
  _vQueueWaitForMessageRestricted
                                  ffe0191d        3e   func ,g         * 
  _xQueueCreateSet
                                  ffe0195b         7   func ,g         * 
  _xQueueAddToSet
                                  ffe01962        26   func ,g         * 
  _xQueueRemoveFromSet
                                  ffe01988        22   func ,g         * 
  _xQueueSelectFromSet
                                  ffe019aa        10   func ,g         * 
  _xQueueSelectFromSetFromISR
                                  ffe019ba        10   func ,g         * 
  _prvNotifyQueueSetContainer
                                  ffe019ca        5f   func ,l         * 
FILE=.\src\FreeRTOS\Source\stream_buffer.obj
                                  ffe01a29  ffe02073       64b
  _set_interrupt_mask_from_isr
                                  ffe01a29         c   func ,l         * 
  _xStreamBufferGenericCreate
                                  ffe01a35        50   func ,g         * 
  _vStreamBufferDelete
                                  ffe01a85        20   func ,g         * 
  _xStreamBufferReset
                                  ffe01aa5        3e   func ,g         * 
  _xStreamBufferSetTriggerLevel
                                  ffe01ae3        22   func ,g         * 
  _xStreamBufferSpacesAvailable
                                  ffe01b05        22   func ,g         * 
  _xStreamBufferBytesAvailable
                                  ffe01b27        11   func ,g         * 
  _xStreamBufferSend
                                  ffe01b38        fb   func ,g         * 
  _xStreamBufferSendFromISR
                                  ffe01c33        83   func ,g         * 
  _prvWriteMessageToBuffer
                                  ffe01cb6        3b   func ,l         * 
  _xStreamBufferReceive
                                  ffe01cf1        bd   func ,g         * 
  _xStreamBufferNextMessageLengthBytes
                                  ffe01dae        38   func ,g         * 
  _xStreamBufferReceiveFromISR
                                  ffe01de6        80   func ,g         * 
  _prvReadMessageFromBuffer
                                  ffe01e66        3b   func ,l         * 
  _xStreamBufferIsEmpty
                                  ffe01ea1        16   func ,g         * 
  _xStreamBufferIsFull
                                  ffe01eb7        1f   func ,g         * 
  _xStreamBufferSendCompletedFromISR
                                  ffe01ed6        46   func ,g         * 
  _xStreamBufferReceiveCompletedFromISR
                                  ffe01f1c        46   func ,g         * 
  _prvWriteBytesToBuffer
                                  ffe01f62        62   func ,l         * 
  _prvReadBytesFromBuffer
                                  ffe01fc4        6c   func ,l         * 
  _prvBytesInBuffer
                                  ffe02030        16   func ,l         * 
  _prvInitialiseNewStreamBuffer
                                  ffe02046        23   func ,l         * 
  _uxStreamBufferGetStreamBufferNumber
                                  ffe02069         3   func ,g         * 
  _vStreamBufferSetStreamBufferNumber
                                  ffe0206c         3   func ,g         * 
  _ucStreamBufferGetStreamBufferType
                                  ffe0206f         5   func ,g         * 
FILE=.\src\FreeRTOS\Source\tasks.obj
                                  ffe02074  ffe03563      14f0
  _set_interrupt_mask_from_isr
                                  ffe02074         c   func ,l         * 
  _xTaskCreate
                                  ffe02080        60   func ,g         * 
  _prvInitialiseNewTask
                                  ffe020e0        8e   func ,l         * 
  _prvAddNewTaskToReadyList
                                  ffe0216e        96   func ,l         * 
  _vTaskDelete
                                  ffe02204        9a   func ,g         * 
  _xTaskDelayUntil
                                  ffe0229e        6d   func ,g         * 
  _vTaskDelay
                                  ffe0230b        39   func ,g         * 
  _eTaskGetState
                                  ffe02344        71   func ,g         * 
  _uxTaskPriorityGet
                                  ffe023b5        1c   func ,g         * 
  _uxTaskPriorityGetFromISR
                                  ffe023d1        3b   func ,g         * 
  _vTaskPrioritySet
                                  ffe0240c        a4   func ,g         * 
  _vTaskSuspend
                                  ffe024b0        97   func ,g         * 
  _prvTaskIsTaskSuspended
                                  ffe02547        2d   func ,l         * 
  _vTaskResume
                                  ffe02574        6c   func ,g         * 
  _xTaskResumeFromISR
                                  ffe025e0        a4   func ,g         * 
  _vTaskStartScheduler
                                  ffe02684        6e   func ,g         * 
  _vTaskEndScheduler
                                  ffe026f2        1c   func ,g         * 
  _vTaskSuspendAll
                                  ffe0270e         d   func ,g         * 
  _xTaskResumeAll
                                  ffe0271b        ce   func ,g         * 
  _xTaskGetTickCount
                                  ffe027e9         9   func ,g         * 
  _xTaskGetTickCountFromISR
                                  ffe027f2        19   func ,g         * 
  _uxTaskGetNumberOfTasks
                                  ffe0280b         9   func ,g         * 
  _pcTaskGetName
                                  ffe02814        1c   func ,g         * 
  _uxTaskGetSystemState
                                  ffe02830        a8   func ,g         * 
  _xTaskCatchUpTicks
                                  ffe028d8        26   func ,g         * 
  _xTaskIncrementTick
                                  ffe028fe       10c   func ,g         * 
  _vTaskSwitchContext
                                  ffe02a0a        ae   func ,g         * 
  _vTaskPlaceOnEventList
                                  ffe02ab8        26   func ,g         * 
  _vTaskPlaceOnUnorderedEventList
                                  ffe02ade        3d   func ,g         * 
  _vTaskPlaceOnEventListRestricted
                                  ffe02b1b        2d   func ,g         * 
  _xTaskRemoveFromEventList
                                  ffe02b48        73   func ,g         * 
  _vTaskRemoveFromUnorderedEventList
                                  ffe02bbb        70   func ,g         * 
  _vTaskSetTimeOutState
                                  ffe02c2b        23   func ,g         * 
  _vTaskInternalSetTimeOutState
                                  ffe02c4e        12   func ,g         * 
  _xTaskCheckForTimeOut
                                  ffe02c60        59   func ,g         * 
  _vTaskMissedYield
                                  ffe02cb9         a   func ,g         * 
  _uxTaskGetTaskNumber
                                  ffe02cc3         8   func ,g         * 
  _vTaskSetTaskNumber
                                  ffe02ccb         8   func ,g         * 
  _prvIdleTask
                                  ffe02cd3        25   func ,l         * 
  _prvInitialiseTaskLists
                                  ffe02cf8        60   func ,l         * 
  _prvCheckTasksWaitingTermination
                                  ffe02d58        42   func ,l         * 
  _vTaskGetInfo
                                  ffe02d9a        69   func ,g         * 
  _prvListTasksWithinSingleList
                                  ffe02e03        55   func ,l         * 
  _prvTaskCheckFreeStackSpace
                                  ffe02e58        12   func ,l         * 
  _uxTaskGetStackHighWaterMark
                                  ffe02e6a        11   func ,g         * 
  _prvDeleteTCB
                                  ffe02e7b        12   func ,l         * 
  _prvResetNextTaskUnblockTime
                                  ffe02e8d        1e   func ,l         * 
  _xTaskGetCurrentTaskHandle
                                  ffe02eab         9   func ,g         * 
  _xTaskGetSchedulerState
                                  ffe02eb4        1e   func ,g         * 
  _xTaskPriorityInherit
                                  ffe02ed2        7f   func ,g         * 
  _xTaskPriorityDisinherit
                                  ffe02f51        69   func ,g         * 
  _vTaskPriorityDisinheritAfterTimeout
                                  ffe02fba        7f   func ,g         * 
  _vTaskEnterCritical
                                  ffe03039        2d   func ,g         * 
  _vTaskExitCritical
                                  ffe03066        2d   func ,g         * 
  _uxTaskResetEventItemValue
                                  ffe03093        17   func ,g         * 
  _pvTaskIncrementMutexHeldCount
                                  ffe030aa        16   func ,g         * 
  _ulTaskGenericNotifyTake
                                  ffe030c0        7c   func ,g         * 
  _xTaskGenericNotifyWait
                                  ffe0313c        92   func ,g         * 
  _xTaskGenericNotify
                                  ffe031ce        e4   func ,g         * 
  _xTaskGenericNotifyFromISR
                                  ffe032b2       11d   func ,g         * 
  _vTaskGenericNotifyGiveFromISR
                                  ffe033cf        c1   func ,g         * 
  _xTaskGenericNotifyStateClear
                                  ffe03490        37   func ,g         * 
  _ulTaskGenericNotifyValueClear
                                  ffe034c7        2d   func ,g         * 
  _prvAddCurrentTaskToDelayedList
                                  ffe034f4        70   func ,l         * 
FILE=.\src\FreeRTOS\Source\timers.obj
                                  ffe03564  ffe03a93       530
  _xTimerCreateTimerTask
                                  ffe03564        47   func ,g         * 
  _xTimerCreate
                                  ffe035ab        36   func ,g         * 
  _prvInitialiseNewTimer
                                  ffe035e1        37   func ,l         * 
  _xTimerGenericCommand
                                  ffe03618        59   func ,g         * 
  _xTimerGetTimerDaemonTaskHandle
                                  ffe03671        16   func ,g         * 
  _xTimerGetPeriod
                                  ffe03687         f   func ,g         * 
  _vTimerSetReloadMode
                                  ffe03696        26   func ,g         * 
  _uxTimerGetReloadMode
                                  ffe036bc        1e   func ,g         * 
  _xTimerGetExpiryTime
                                  ffe036da         f   func ,g         * 
  _pcTimerGetName
                                  ffe036e9         f   func ,g         * 
  _prvProcessExpiredTimer
                                  ffe036f8        59   func ,l         * 
  _prvTimerTask
                                  ffe03751        11   func ,l         * 
  _prvProcessTimerOrBlockTask
                                  ffe03762        70   func ,l         * 
  _prvGetNextExpireTime
                                  ffe037d2        18   func ,l         * 
  _prvSampleTimeNow
                                  ffe037ea        25   func ,l         * 
  _prvInsertTimerInActiveList
                                  ffe0380f        35   func ,l         * 
  _prvProcessReceivedCommands
                                  ffe03844        e7   func ,l         * 
  _prvSwitchTimerLists
                                  ffe0392b        70   func ,l         * 
  _prvCheckForValidListAndQueue
                                  ffe0399b        4d   func ,l         * 
  _xTimerIsTimerActive
                                  ffe039e8        1c   func ,g         * 
  _pvTimerGetTimerID
                                  ffe03a04        19   func ,g         * 
  _vTimerSetTimerID
                                  ffe03a1d        18   func ,g         * 
  _xTimerPendFunctionCallFromISR
                                  ffe03a35        22   func ,g         * 
  _xTimerPendFunctionCall
                                  ffe03a57        37   func ,g         * 
  _uxTimerGetTimerNumber
                                  ffe03a8e         3   func ,g         * 
  _vTimerSetTimerNumber
                                  ffe03a91         3   func ,g         * 
FILE=.\src\FreeRTOS_Queue.obj
                                  ffe03a94  ffe03b4a        b7
  _vSenderTask
                                  ffe03a94        30   func ,g         * 
  _vReceiverTask
                                  ffe03ac4        25   func ,g         * 
  _main_task
                                  ffe03ae9        62   func ,g         * 
FILE=.\src\frtos_startup\freertos_object_init.obj
                                  ffe03b4b  ffe03b4c         2
  _Kernel_Object_init
                                  ffe03b4b         1   func ,g         * 
  _Object_init_manual
                                  ffe03b4c         1   func ,g         * 
FILE=.\src\frtos_startup\freertos_start.obj
                                  ffe03b4d  ffe03c07        bb
  _vApplicationSetupTimerInterrupt
                                  ffe03b4d        55   func ,g         * 
  _vAssertCalled
                                  ffe03ba2        17   func ,g         * 
  _vApplicationIdleHook
                                  ffe03bb9         1   func ,g         * 
  _vApplicationTickHook
                                  ffe03bba         1   func ,g         * 
  _vApplicationMallocFailedHook
                                  ffe03bbb        11   func ,g         * 
  _vApplicationStackOverflowHook
                                  ffe03bcc        11   func ,g         * 
  _Processing_Before_Start_Kernel
                                  ffe03bdd        2b   func ,g         * 
FILE=.\src\smc_gen\general\r_cg_hardware_setup.obj
                                  ffe03c08  ffe03c3f        38
  _r_undefined_exception
                                  ffe03c08         1   func ,g         * 
  _R_Systeminit
                                  ffe03c09        37   func ,g         * 
FILE=.\src\smc_gen\general\r_smc_cgc.obj
                                  ffe03c40  ffe03c43         4
  _R_CGC_Create
                                  ffe03c40         4   func ,g         * 
FILE=.\src\smc_gen\general\r_smc_cgc_user.obj
                                  ffe03c44  ffe03c44         1
  _R_CGC_Create_UserInit
                                  ffe03c44         1   func ,g         * 
FILE=.\src\smc_gen\general\r_smc_interrupt.obj
                                  ffe03c45  ffe03c45         1
  _R_Interrupt_Create
                                  ffe03c45         1   func ,g         * 
FILE=.\src\smc_gen\r_bsp\board\generic_rx65n\hwsetup.obj
                                  ffe03c46  ffe03cc8        83
  _hardware_setup
                                  ffe03c46        12   func ,g         * 
  _output_ports_configure
                                  ffe03c58         2   func ,l         * 
  _interrupts_configure
                                  ffe03c5a         2   func ,l         * 
  _peripheral_modules_enable
                                  ffe03c5c         4   func ,l         * 
  _bsp_adc_initial_configure
                                  ffe03c60        3c   func ,l         * 
  _bsp_bsc_initial_configure
                                  ffe03c9c        2d   func ,l         * 
FILE=.\src\smc_gen\r_bsp\mcu\all\lowlvl.obj
                                  ffe03cc9  ffe03cea        22
  _charput
                                  ffe03cc9        10   func ,g         * 
  _charget
                                  ffe03cd9        12   func ,g         * 
FILE=.\src\smc_gen\r_bsp\mcu\all\lowsrc.obj
                                  ffe03ceb  ffe03e71       187
  _init_iolib
                                  ffe03ceb        84   func ,g         * 
  _close_all
                                  ffe03d6f        2a   func ,g         * 
  _open
                                  ffe03d99        67   func ,g         * 
  _close
                                  ffe03e00         3   func ,g         * 
  _write
                                  ffe03e03        37   func ,g         * 
  _read
                                  ffe03e3a        34   func ,g         * 
  _lseek
                                  ffe03e6e         4   func ,g         * 
FILE=.\src\smc_gen\r_bsp\mcu\all\r_bsp_common.obj
                                  ffe03e72  ffe03f41        d0
  _R_BSP_GetVersion
                                  ffe03e72         6   func ,g         * 
  _R_BSP_GetIClkFreqHz
                                  ffe03e78         4   func ,g         * 
  _R_BSP_SoftwareDelay
                                  ffe03e7c        c6   func ,g         * 
FILE=.\src\smc_gen\r_bsp\mcu\all\r_bsp_cpu.obj
                                  ffe03f42  ffe040b1       170
  _R_BSP_InterruptsDisable
                                  ffe03f42         9   func ,g         * 
  _R_BSP_InterruptsEnable
                                  ffe03f4b         9   func ,g         * 
  _R_BSP_CpuInterruptLevelRead
                                  ffe03f54         8   func ,g         * 
  _R_BSP_CpuInterruptLevelWrite
                                  ffe03f5c        5c   func ,g         * 
  _R_BSP_RegisterProtectEnable
                                  ffe03fb8        67   func ,g         * 
  _R_BSP_RegisterProtectDisable
                                  ffe0401f        5d   func ,g         * 
  _R_BSP_SoftwareReset
                                  ffe0407c        11   func ,g         * 
  _bsp_register_protect_open
                                  ffe0408d        12   func ,g         * 
  _bsp_ram_initialize
                                  ffe0409f        13   func ,g         * 
FILE=.\src\smc_gen\r_bsp\mcu\all\r_bsp_interrupts.obj
                                  ffe040b2  ffe0445d       3ac
  _R_BSP_InterruptRequestEnable
                                  ffe040b2         e   func ,g         * 
  _R_BSP_InterruptRequestDisable
                                  ffe040c0         e   func ,g         * 
  _bsp_interrupt_open
                                  ffe040ce        1a   func ,g         * 
  _R_BSP_InterruptWrite
                                  ffe040e8        31   func ,g         * 
  _R_BSP_InterruptRead
                                  ffe04119        1b   func ,g         * 
  _R_BSP_InterruptControl
                                  ffe04134        75   func ,g         * 
  _bsp_fit_interrupts_control
                                  ffe041a9        40   func ,l         * 
  _bsp_gr_int_enable_disable
                                  ffe041e9       126   func ,l         * 
  _excep_supervisor_inst_isr
                                  ffe0430f        17   func ,g         * 
  _excep_access_isr
                                  ffe04326        17   func ,g         * 
  _excep_undefined_inst_isr
                                  ffe0433d        17   func ,g         * 
  _excep_floating_point_isr
                                  ffe04354        21   func ,g         * 
  _non_maskable_isr
                                  ffe04375        b4   func ,g         * 
  _undefined_interrupt_source_isr
                                  ffe04429        17   func ,g         * 
  _bus_error_isr
                                  ffe04440        1e   func ,g         * 
FILE=.\src\smc_gen\r_bsp\mcu\all\r_bsp_locking.obj
                                  ffe0445e  ffe0448d        30
  _R_BSP_SoftwareLock
                                  ffe0445e        10   func ,g         * 
  _R_BSP_SoftwareUnlock
                                  ffe0446e         6   func ,g         * 
  _R_BSP_HardwareLock
                                  ffe04474         d   func ,g         * 
  _R_BSP_HardwareUnlock
                                  ffe04481         d   func ,g         * 
FILE=.\src\smc_gen\r_bsp\mcu\all\sbrk.obj
                                  ffe0448e  ffe044ae        21
  _sbrk
                                  ffe0448e        21   func ,g         * 
FILE=.\src\smc_gen\r_bsp\mcu\rx65n\mcu_clocks.obj
                                  ffe044af  ffe0465f       1b1
  _get_iclk_freq_hz
                                  ffe044af        8a   func ,g         * 
  _mcu_clock_setup
                                  ffe04539         0   func ,g         * 
  _operating_frequency_set
                                  ffe04539        52   func ,l         * 
  _clock_source_select
                                  ffe0458b        d5   func ,l         * 
FILE=.\src\smc_gen\r_bsp\mcu\rx65n\mcu_init.obj
                                  ffe04660  ffe04700        a1
  _bsp_non_existent_port_init
                                  ffe04660        a1   func ,g         * 
FILE=.\src\smc_gen\r_bsp\mcu\rx65n\mcu_interrupts.obj
                                  ffe04701  ffe04d09       609
  _bsp_interrupt_enable_disable
                                  ffe04701        c0   func ,g         * 
  _group_bl0_handler_isr
                                  ffe047c1       203   func ,l         * 
  _group_bl1_handler_isr
                                  ffe049c4       1ae   func ,l         * 
  _group_bl2_handler_isr
                                  ffe04b72        25   func ,l         * 
  _group_al0_handler_isr
                                  ffe04b97        c0   func ,l         * 
  _group_al1_handler_isr
                                  ffe04c57        6b   func ,l         * 
  _group_be0_handler_isr
                                  ffe04cc2        48   func ,l         * 
FILE=.\src\smc_gen\r_bsp\mcu\rx65n\mcu_mapped_interrupts.obj
                                  ffe04d0a  ffe04f1d       214
  _bsp_mapped_interrupt_open
                                  ffe04d0a       214   func ,g         * 
FILE=.\src\smc_gen\r_pincfg\Pin.obj
                                  ffe04f1e  ffe04f1e         1
  _R_Pins_Create
                                  ffe04f1e         1   func ,g         * 
FILE=freopen
                                  ffe04f1f  ffe04f4b        2d
  _freopen
                                  ffe04f1f        2d   func ,g         * 
FILE=fclose
                                  ffe04f4c  ffe04f9f        54
  _fclose
                                  ffe04f4c        54   func ,g         * 
FILE=__COM_DIV64u
                                  ffe04fa0  ffe05038        99
  __COM_DIV64u
                                  ffe04fa0         0   none ,g         * 
  _Loop_Init
                                  ffe04faa         0   none ,l         * 
  _Loop
                                  ffe04fb2         0   none ,l         * 
  _DivStart
                                  ffe04fbe         0   none ,l         * 
  _Success
                                  ffe04fcc         0   none ,l         * 
  _DivEnd
                                  ffe04fd8         0   none ,l         * 
  IXI6DIV
                                  ffe04fdd         0   none ,l         * 
  IXI4DIV
                                  ffe04fef         0   none ,l         * 
  IXI2DIV
                                  ffe04fff         0   none ,l         * 
  I8I2DIV
                                  ffe05007         0   none ,l         * 
  I4I2DIV
                                  ffe05035         0   none ,l         * 
  _i8divU_End
                                  ffe05038         0   none ,l         * 
FILE=__initsct
                                  ffe05039  ffe05082        4a
  __INITSCT
                                  ffe05039         0   none ,g         * 
  loop1
                                  ffe0504b         0   none ,l         * 
  next_loop1
                                  ffe05059         0   none ,l         * 
  loop3
                                  ffe0506b         0   none ,l         * 
  next_loop3
                                  ffe0507c         0   none ,l         * 
FILE=fflush
                                  ffe05083  ffe05104        82
  _fflush
                                  ffe05083        82   func ,g         * 
FILE=xfoprep
                                  ffe05105  ffe051d6        d2
  __Foprep
                                  ffe05105        d2   func ,g         * 
FILE=xfofind
                                  ffe051d7  ffe05263        8d
  __Fofind
                                  ffe051d7        44   func ,g         * 
  __Fofree
                                  ffe0521b        49   func ,g         * 
FILE=free
                                  ffe05264  ffe052e5        82
  _free
                                  ffe05264        82   func ,g         * 
FILE=xfopen
                                  ffe052e6  ffe05315        30
  __Fopen
                                  ffe052e6        30   func ,g         * 
FILE=malloc
                                  ffe05316  ffe053f0        db
  _findmem
                                  ffe05316        79   func ,l         * 
  _malloc
                                  ffe0538f        62   func ,g         * 
FILE=xgetmem
                                  ffe053f1  ffe0540b        1b
  __Getmem
                                  ffe053f1        1b   func ,g         * 

SECTION=EXCEPTVECT
FILE=.\src\smc_gen\r_bsp\mcu\rx65n\vecttbl.obj
                                  ffffff80  fffffffb        7c
  _Except_Vectors
                                  ffffff80        7c   data ,g         * 

SECTION=RESETVECT
FILE=.\src\smc_gen\r_bsp\mcu\rx65n\vecttbl.obj
                                  fffffffc  ffffffff         4
  _Reset_Vector
                                  fffffffc         4   data ,g         * 

*** Unfilled Areas ***

AREA                                START    END

*** Delete Symbols ***

SYMBOL                                SIZE    INFO
